 Fluid3D

 Timestamp is 4f664a4b (Sun Mar 18 16:49:15 2012)

 Preferred load address is 00400000

 Start         Length     Name                   Class
 0001:00000000 00010000H .textbss                DATA
 0002:00000000 0001a50aH .text                   CODE
 0002:0001a510 00002488H .text$x                 CODE
 0002:0001c9a0 00001085H .text$yc                CODE
 0002:0001da30 0000102dH .text$yd                CODE
 0003:00000000 00000104H .CRT$XCA                DATA
 0003:00000104 00000104H .CRT$XCAA               DATA
 0003:00000208 00000104H .CRT$XCL                DATA
 0003:0000030c 00000109H .CRT$XCU                DATA
 0003:00000418 00000104H .CRT$XCZ                DATA
 0003:0000051c 00000104H .CRT$XIA                DATA
 0003:00000620 00000104H .CRT$XIAA               DATA
 0003:00000724 00000104H .CRT$XIC                DATA
 0003:00000828 00000104H .CRT$XIY                DATA
 0003:0000092c 00000104H .CRT$XIZ                DATA
 0003:00000a30 00000d64H .rdata                  DATA
 0003:00001794 0000018eH .rdata$debug            DATA
 0003:00001924 0000067aH .rdata$r                DATA
 0003:00001fa0 00000104H .rtc$IAA                DATA
 0003:000020a4 00000104H .rtc$IZZ                DATA
 0003:000021a8 00000104H .rtc$TAA                DATA
 0003:000022ac 00000104H .rtc$TZZ                DATA
 0003:000023b0 00001850H .xdata$x                DATA
 0003:00003c00 00000000H .edata                  DATA
 0004:00000000 000004dbH .data                   DATA
 0004:000004e0 000007c8H .bss                    DATA
 0005:00000000 0000003cH .idata$2                DATA
 0005:0000003c 00000014H .idata$3                DATA
 0005:00000050 00000350H .idata$4                DATA
 0005:000003a0 00000350H .idata$5                DATA
 0005:000006f0 000018f3H .idata$6                DATA

  Address         Publics by Value              Rva+Base       Lib:Object

 0000:00000000       __except_list              00000000     <absolute>
 0000:00000000       ___safe_se_handler_count   00000000     <absolute>
 0000:00000000       ___safe_se_handler_table   00000000     <absolute>
 0000:00009876       __ldused                   00009876     <absolute>
 0000:00009876       __fltused                  00009876     <absolute>
 0000:00000000       ___ImageBase               00400000     <linker-defined>
 0001:00000000       __enc$textbss$begin        00401000     <linker-defined>
 0001:00010000       __enc$textbss$end          00411000     <linker-defined>
 0002:00001e70       ?initialize@FluidSim@@QAEXMHHH@Z 00412e70 f   fluidsim.obj
 0002:00002210       ?set_boundary@FluidSim@@QAEXP6AMABU?$Vec@$02M@@@Z@Z 00413210 f   fluidsim.obj
 0002:00002360       ?set_liquid@FluidSim@@QAEXP6AMABU?$Vec@$02M@@@Z@Z 00413360 f   fluidsim.obj
 0002:00002600       ?randhashf@@YAMI@Z         00413600 f i fluidsim.obj
 0002:00002650       ?randhash@@YAII@Z          00413650 f i fluidsim.obj
 0002:000026c0       ?advance@FluidSim@@QAEXM@Z 004136c0 f   fluidsim.obj
 0002:00002880       ?cfl@FluidSim@@AAEMXZ      00413880 f   fluidsim.obj
 0002:00002a00       ?fabs@@YAMM@Z              00413a00 f i fluidsim.obj
 0002:00002a30       _fabsf                     00413a30 f i fluidsim.obj
 0002:00002a60       ?add_particle@FluidSim@@QAEXABU?$Vec@$02M@@@Z 00413a60 f   fluidsim.obj
 0002:00002a90       ?add_force@FluidSim@@AAEXM@Z 00413a90 f   fluidsim.obj
 0002:00002b60       ?constrain_velocity@FluidSim@@AAEXXZ 00413b60 f   fluidsim.obj
 0002:00003310       ??4?$Array3@MU?$Array1@M@@@@QAEAAU0@ABU0@@Z 00414310 f i fluidsim.obj
 0002:00003370       ?advect_particles@FluidSim@@AAEXM@Z 00414370 f   fluidsim.obj
 0002:00003580       ?advect@FluidSim@@AAEXM@Z  00414580 f   fluidsim.obj
 0002:00003b00       ?compute_phi@FluidSim@@AAEXXZ 00414b00 f   fluidsim.obj
 0002:00004240       ??0?$Array3@MU?$Array1@M@@@@QAE@ABU0@@Z 00415240 f i fluidsim.obj
 0002:000042a0       ?project@FluidSim@@AAEXM@Z 004152a0 f   fluidsim.obj
 0002:000042f0       ?trace_rk2@FluidSim@@AAE?AU?$Vec@$02M@@ABU2@M@Z 004152f0 f   fluidsim.obj
 0002:00004420       ?get_velocity@FluidSim@@QAE?AU?$Vec@$02M@@ABU2@@Z 00415420 f   fluidsim.obj
 0002:000045e0       ?compute_weights@FluidSim@@AAEXXZ 004155e0 f   fluidsim.obj
 0002:00004bb0       ?solve_pressure@FluidSim@@AAEXM@Z 00415bb0 f   fluidsim.obj
 0002:000065f0       ?extrapolate@@YAXAAU?$Array3@MU?$Array1@M@@@@AAU?$Array3@DU?$Array1@D@@@@@Z 004175f0 f   fluidsim.obj
 0002:00006a20       ??4?$Array3@DU?$Array1@D@@@@QAEAAU0@ABU0@@Z 00417a20 f i fluidsim.obj
 0002:00006a80       ?resize@?$vector@NV?$allocator@N@std@@@std@@QAEXI@Z 00417a80 f i fluidsim.obj
 0002:00006b90       ?size@?$vector@NV?$allocator@N@std@@@std@@QBEIXZ 00417b90 f i fluidsim.obj
 0002:00006bc0       ??A?$vector@NV?$allocator@N@std@@@std@@QAEAANI@Z 00417bc0 f i fluidsim.obj
 0002:00006bf0       ?assign@?$vector@NV?$allocator@N@std@@@std@@QAEXIABN@Z 00417bf0 f i fluidsim.obj
 0002:00006c20       ??1?$Array3@MU?$Array1@M@@@@QAE@XZ 00417c20 f i fluidsim.obj
 0002:00006c60       ??R?$Array3@MU?$Array1@M@@@@QAEAAMHHH@Z 00417c60 f i fluidsim.obj
 0002:00006d00       ?assign@?$Array3@MU?$Array1@M@@@@QAEXABM@Z 00417d00 f i fluidsim.obj
 0002:00006d30       ?resize@?$Array3@MU?$Array1@M@@@@QAEXHHH@Z 00417d30 f i fluidsim.obj
 0002:00006dc0       ?set_zero@?$Array3@MU?$Array1@M@@@@QAEXXZ 00417dc0 f i fluidsim.obj
 0002:00006df0       ??0?$Array1@M@@QAE@ABU0@@Z 00417df0 f i fluidsim.obj
 0002:00006ec0       ??0bad_alloc@std@@QAE@XZ   00417ec0 f i fluidsim.obj
 0002:00006f10       ??1bad_alloc@std@@UAE@XZ   00417f10 f i fluidsim.obj
 0002:00006f40       ??_Ebad_alloc@std@@UAEPAXI@Z 00417f40 f i fluidsim.obj
 0002:00006f40       ??_Gbad_alloc@std@@UAEPAXI@Z 00417f40 f i fluidsim.obj
 0002:00006f90       ??1?$Array1@M@@QAE@XZ      00417f90 f i fluidsim.obj
 0002:00006fe0       ??A?$Array1@M@@QAEAAMK@Z   00417fe0 f i fluidsim.obj
 0002:00007010       ??4?$Array1@M@@QAEAAU0@ABU0@@Z 00418010 f i fluidsim.obj
 0002:000070e0       ?size@?$Array1@M@@QBEKXZ   004180e0 f i fluidsim.obj
 0002:00007100       ??0?$Array3@DU?$Array1@D@@@@QAE@HHH@Z 00418100 f i fluidsim.obj
 0002:00007190       ??1?$Array3@DU?$Array1@D@@@@QAE@XZ 00418190 f i fluidsim.obj
 0002:000071d0       ??R?$Array3@DU?$Array1@D@@@@QAEAADHHH@Z 004181d0 f i fluidsim.obj
 0002:00007270       ?assign@?$Array3@DU?$Array1@D@@@@QAEXABD@Z 00418270 f i fluidsim.obj
 0002:000072a0       ?resize@?$Array3@DU?$Array1@D@@@@QAEXHHH@Z 004182a0 f i fluidsim.obj
 0002:00007330       ??A?$Array1@D@@QAEAADK@Z   00418330 f i fluidsim.obj
 0002:00007360       ??4?$Array1@D@@QAEAAU0@ABU0@@Z 00418360 f i fluidsim.obj
 0002:00007430       ?size@?$Array1@D@@QBEKXZ   00418430 f i fluidsim.obj
 0002:00007450       ?size@?$vector@U?$Vec@$02M@@V?$allocator@U?$Vec@$02M@@@std@@@std@@QBEIXZ 00418450 f i fluidsim.obj
 0002:00007480       ??A?$vector@U?$Vec@$02M@@V?$allocator@U?$Vec@$02M@@@std@@@std@@QAEAAU?$Vec@$02M@@I@Z 00418480 f i fluidsim.obj
 0002:000074b0       ?push_back@?$vector@U?$Vec@$02M@@V?$allocator@U?$Vec@$02M@@@std@@@std@@QAEXABU?$Vec@$02M@@@Z 004184b0 f i fluidsim.obj
 0002:00007600       ?set_solver_parameters@?$PCGSolver@N@@QAEXNHNN@Z 00418600 f i fluidsim.obj
 0002:00007690       ?solve@?$PCGSolver@N@@QAE_NABU?$SparseMatrix@N@@ABV?$vector@NV?$allocator@N@std@@@std@@AAV34@AANAAH@Z 00418690 f i fluidsim.obj
 0002:00007a00       ?dot@BLAS@@YANABV?$vector@NV?$allocator@N@std@@@std@@0@Z 00418a00 f i fluidsim.obj
 0002:00007a80       ?abs_max@BLAS@@YANABV?$vector@NV?$allocator@N@std@@@std@@@Z 00418a80 f i fluidsim.obj
 0002:00007ad0       ?index_abs_max@BLAS@@YAHABV?$vector@NV?$allocator@N@std@@@std@@@Z 00418ad0 f i fluidsim.obj
 0002:00007b80       ?add_scaled@BLAS@@YAXNABV?$vector@NV?$allocator@N@std@@@std@@AAV23@@Z 00418b80 f i fluidsim.obj
 0002:00007c00       ??A?$vector@NV?$allocator@N@std@@@std@@QBEABNI@Z 00418c00 f i fluidsim.obj
 0002:00007c30       ?zero@?$SparseMatrix@N@@QAEXXZ 00418c30 f i fluidsim.obj
 0002:00007cb0       ?resize@?$SparseMatrix@N@@QAEXH@Z 00418cb0 f i fluidsim.obj
 0002:00007d00       ?add_to_element@?$SparseMatrix@N@@QAEXIIN@Z 00418d00 f i fluidsim.obj
 0002:00007e90       ??0?$Vec@$02M@@QAE@XZ      00418e90 f i fluidsim.obj
 0002:00007eb0       ??0?$Vec@$02M@@QAE@MMM@Z   00418eb0 f i fluidsim.obj
 0002:00007ef0       ??A?$Vec@$02M@@QAEAAMH@Z   00418ef0 f i fluidsim.obj
 0002:00007f40       ??Y?$Vec@$02M@@QAE?AU0@ABU0@@Z 00418f40 f i fluidsim.obj
 0002:00007fd0       ??H?$Vec@$02M@@QBE?AU0@ABU0@@Z 00418fd0 f i fluidsim.obj
 0002:00008050       ??Z?$Vec@$02M@@QAE?AU0@ABU0@@Z 00419050 f i fluidsim.obj
 0002:000080e0       ??G?$Vec@$02M@@QBE?AU0@ABU0@@Z 004190e0 f i fluidsim.obj
 0002:00008160       ??K?$Vec@$02M@@QBE?AU0@M@Z 00419160 f i fluidsim.obj
 0002:000081e0       ??A?$Vec@$02H@@QAEAAHH@Z   004191e0 f i fluidsim.obj
 0002:00008230       ??0bad_alloc@std@@QAE@ABV01@@Z 00419230 f i fluidsim.obj
 0002:00008270       ?resize@?$vector@V?$vector@IV?$allocator@I@std@@@std@@V?$allocator@V?$vector@IV?$allocator@I@std@@@std@@@2@@std@@QAEXI@Z 00419270 f i fluidsim.obj
 0002:00008380       ??A?$vector@V?$vector@IV?$allocator@I@std@@@std@@V?$allocator@V?$vector@IV?$allocator@I@std@@@std@@@2@@std@@QAEAAV?$vector@IV?$allocator@I@std@@@1@I@Z 00419380 f i fluidsim.obj
 0002:000083b0       ?resize@?$vector@IV?$allocator@I@std@@@std@@QAEXI@Z 004193b0 f i fluidsim.obj
 0002:000084c0       ?size@?$vector@IV?$allocator@I@std@@@std@@QBEIXZ 004194c0 f i fluidsim.obj
 0002:000084f0       ??A?$vector@IV?$allocator@I@std@@@std@@QAEAAII@Z 004194f0 f i fluidsim.obj
 0002:00008520       ?push_back@?$vector@IV?$allocator@I@std@@@std@@QAEXABI@Z 00419520 f i fluidsim.obj
 0002:00008660       ??4?$vector@NV?$allocator@N@std@@@std@@QAEAAV01@ABV01@@Z 00419660 f i fluidsim.obj
 0002:00008850       ?begin@?$vector@NV?$allocator@N@std@@@std@@QAE?AV?$_Vector_iterator@V?$_Vector_val@NV?$allocator@N@std@@@std@@@2@XZ 00419850 f i fluidsim.obj
 0002:00008890       ?end@?$vector@NV?$allocator@N@std@@@std@@QAE?AV?$_Vector_iterator@V?$_Vector_val@NV?$allocator@N@std@@@std@@@2@XZ 00419890 f i fluidsim.obj
 0002:000088d0       ?push_back@?$vector@NV?$allocator@N@std@@@std@@QAEXABN@Z 004198d0 f i fluidsim.obj
 0002:00008a10       ?erase@?$vector@NV?$allocator@N@std@@@std@@QAE?AV?$_Vector_iterator@V?$_Vector_val@NV?$allocator@N@std@@@std@@@2@V?$_Vector_const_iterator@V?$_Vector_val@NV?$allocator@N@std@@@std@@@2@0@Z 00419a10 f i fluidsim.obj
 0002:00008ac0       ?swap@?$vector@NV?$allocator@N@std@@@std@@QAEXAAV12@@Z 00419ac0 f i fluidsim.obj
 0002:00008c10       ?_Assign_n@?$vector@NV?$allocator@N@std@@@std@@IAEXIABN@Z 00419c10 f i fluidsim.obj
 0002:00008cb0       ?_Reserve@?$vector@NV?$allocator@N@std@@@std@@IAEXI@Z 00419cb0 f i fluidsim.obj
 0002:00008d30       ?assign@?$Array1@M@@QAEXABM@Z 00419d30 f i fluidsim.obj
 0002:00008d90       ?resize@?$Array1@M@@QAEXK@Z 00419d90 f i fluidsim.obj
 0002:00008de0       ?set_zero@?$Array1@M@@QAEXXZ 00419de0 f i fluidsim.obj
 0002:00008e20       ??0?$Array1@D@@QAE@K@Z     00419e20 f i fluidsim.obj
 0002:00008ee0       ??1?$Array1@D@@QAE@XZ      00419ee0 f i fluidsim.obj
 0002:00008f30       ?assign@?$Array1@D@@QAEXABD@Z 00419f30 f i fluidsim.obj
 0002:00008f90       ?resize@?$Array1@D@@QAEXK@Z 00419f90 f i fluidsim.obj
 0002:00008fe0       ?_Inside@?$vector@U?$Vec@$02M@@V?$allocator@U?$Vec@$02M@@@std@@@std@@IBE_NPBU?$Vec@$02M@@@Z 00419fe0 f i fluidsim.obj
 0002:00009030       ?_Reserve@?$vector@U?$Vec@$02M@@V?$allocator@U?$Vec@$02M@@@std@@@std@@IAEXI@Z 0041a030 f i fluidsim.obj
 0002:000090b0       ?_Orphan_range@?$vector@U?$Vec@$02M@@V?$allocator@U?$Vec@$02M@@@std@@@std@@IBEXPAU?$Vec@$02M@@0@Z 0041a0b0 f i fluidsim.obj
 0002:000090d0       ?form_preconditioner@?$PCGSolver@N@@IAEXABU?$SparseMatrix@N@@@Z 0041a0d0 f i fluidsim.obj
 0002:00009120       ?apply_preconditioner@?$PCGSolver@N@@IAEXABV?$vector@NV?$allocator@N@std@@@std@@AAV23@@Z 0041a120 f i fluidsim.obj
 0002:00009170       ?construct_from_matrix@?$FixedSparseMatrix@N@@QAEXABU?$SparseMatrix@N@@@Z 0041a170 f i fluidsim.obj
 0002:00009370       ?resize@?$vector@V?$vector@NV?$allocator@N@std@@@std@@V?$allocator@V?$vector@NV?$allocator@N@std@@@std@@@2@@std@@QAEXI@Z 0041a370 f i fluidsim.obj
 0002:00009480       ??A?$vector@V?$vector@NV?$allocator@N@std@@@std@@V?$allocator@V?$vector@NV?$allocator@N@std@@@std@@@2@@std@@QAEAAV?$vector@NV?$allocator@N@std@@@1@I@Z 0041a480 f i fluidsim.obj
 0002:000094b0       ??A?$Vec@$02M@@QBEABMH@Z   0041a4b0 f i fluidsim.obj
 0002:00009500       ??_0?$Vec@$02M@@QAE?AU0@M@Z 0041a500 f i fluidsim.obj
 0002:00009580       ??H?$_Vector_iterator@V?$_Vector_val@NV?$allocator@N@std@@@std@@@std@@QBE?AV01@H@Z 0041a580 f i fluidsim.obj
 0002:000095c0       ?begin@?$vector@V?$vector@IV?$allocator@I@std@@@std@@V?$allocator@V?$vector@IV?$allocator@I@std@@@std@@@2@@std@@QAE?AV?$_Vector_iterator@V?$_Vector_val@V?$vector@IV?$allocator@I@std@@@std@@V?$allocator@V?$vector@IV?$allocator@I@std@@@std@@@2@@std@@@2@XZ 0041a5c0 f i fluidsim.obj
 0002:00009600       ?end@?$vector@V?$vector@IV?$allocator@I@std@@@std@@V?$allocator@V?$vector@IV?$allocator@I@std@@@std@@@2@@std@@QAE?AV?$_Vector_iterator@V?$_Vector_val@V?$vector@IV?$allocator@I@std@@@std@@V?$allocator@V?$vector@IV?$allocator@I@std@@@std@@@2@@std@@@2@XZ 0041a600 f i fluidsim.obj
 0002:00009640       ?size@?$vector@V?$vector@IV?$allocator@I@std@@@std@@V?$allocator@V?$vector@IV?$allocator@I@std@@@std@@@2@@std@@QBEIXZ 0041a640 f i fluidsim.obj
 0002:00009670       ??A?$vector@V?$vector@IV?$allocator@I@std@@@std@@V?$allocator@V?$vector@IV?$allocator@I@std@@@std@@@2@@std@@QBEABV?$vector@IV?$allocator@I@std@@@1@I@Z 0041a670 f i fluidsim.obj
 0002:000096a0       ?erase@?$vector@V?$vector@IV?$allocator@I@std@@@std@@V?$allocator@V?$vector@IV?$allocator@I@std@@@std@@@2@@std@@QAE?AV?$_Vector_iterator@V?$_Vector_val@V?$vector@IV?$allocator@I@std@@@std@@V?$allocator@V?$vector@IV?$allocator@I@std@@@std@@@2@@std@@@2@V?$_Vector_const_iterator@V?$_Vector_val@V?$vector@IV?$allocator@I@std@@@std@@V?$allocator@V?$vector@IV?$allocator@I@std@@@std@@@2@@std@@@2@0@Z 0041a6a0 f i fluidsim.obj
 0002:00009750       ?_Reserve@?$vector@V?$vector@IV?$allocator@I@std@@@std@@V?$allocator@V?$vector@IV?$allocator@I@std@@@std@@@2@@std@@IAEXI@Z 0041a750 f i fluidsim.obj
 0002:000097d0       ?begin@?$vector@IV?$allocator@I@std@@@std@@QAE?AV?$_Vector_iterator@V?$_Vector_val@IV?$allocator@I@std@@@std@@@2@XZ 0041a7d0 f i fluidsim.obj
 0002:00009810       ?end@?$vector@IV?$allocator@I@std@@@std@@QAE?AV?$_Vector_iterator@V?$_Vector_val@IV?$allocator@I@std@@@std@@@2@XZ 0041a810 f i fluidsim.obj
 0002:00009850       ??A?$vector@IV?$allocator@I@std@@@std@@QBEABII@Z 0041a850 f i fluidsim.obj
 0002:00009880       ?erase@?$vector@IV?$allocator@I@std@@@std@@QAE?AV?$_Vector_iterator@V?$_Vector_val@IV?$allocator@I@std@@@std@@@2@V?$_Vector_const_iterator@V?$_Vector_val@IV?$allocator@I@std@@@std@@@2@0@Z 0041a880 f i fluidsim.obj
 0002:00009930       ?_Inside@?$vector@IV?$allocator@I@std@@@std@@IBE_NPBI@Z 0041a930 f i fluidsim.obj
 0002:00009980       ?_Reserve@?$vector@IV?$allocator@I@std@@@std@@IAEXI@Z 0041a980 f i fluidsim.obj
 0002:00009a00       ?_Orphan_range@?$vector@IV?$allocator@I@std@@@std@@IBEXPAI0@Z 0041aa00 f i fluidsim.obj
 0002:00009a20       ??0?$vector@NV?$allocator@N@std@@@std@@QAE@$$QAV01@@Z 0041aa20 f i fluidsim.obj
 0002:00009ac0       ??4?$vector@NV?$allocator@N@std@@@std@@QAEAAV01@$$QAV01@@Z 0041aac0 f i fluidsim.obj
 0002:00009b00       ??1?$vector@NV?$allocator@N@std@@@std@@QAE@XZ 0041ab00 f i fluidsim.obj
 0002:00009b80       ?reserve@?$vector@NV?$allocator@N@std@@@std@@QAEXI@Z 0041ab80 f i fluidsim.obj
 0002:00009d20       ?capacity@?$vector@NV?$allocator@N@std@@@std@@QBEIXZ 0041ad20 f i fluidsim.obj
 0002:00009d50       ?_Make_iter@?$vector@NV?$allocator@N@std@@@std@@QBE?AV?$_Vector_iterator@V?$_Vector_val@NV?$allocator@N@std@@@std@@@2@V?$_Vector_const_iterator@V?$_Vector_val@NV?$allocator@N@std@@@std@@@2@@Z 0041ad50 f i fluidsim.obj
 0002:00009d90       ?max_size@?$vector@NV?$allocator@N@std@@@std@@QBEIXZ 0041ad90 f i fluidsim.obj
 0002:00009dc0       ?insert@?$vector@NV?$allocator@N@std@@@std@@QAEXV?$_Vector_const_iterator@V?$_Vector_val@NV?$allocator@N@std@@@std@@@2@IABN@Z 0041adc0 f i fluidsim.obj
 0002:00009e00       ?clear@?$vector@NV?$allocator@N@std@@@std@@QAEXXZ 0041ae00 f i fluidsim.obj
 0002:00009e60       ?_Buy@?$vector@NV?$allocator@N@std@@@std@@IAE_NI@Z 0041ae60 f i fluidsim.obj
 0002:00009f10       ?_Destroy@?$vector@NV?$allocator@N@std@@@std@@IAEXPAN0@Z 0041af10 f i fluidsim.obj
 0002:00009f50       ?_Grow_to@?$vector@NV?$allocator@N@std@@@std@@IBEII@Z 0041af50 f i fluidsim.obj
 0002:00009fd0       ?_Inside@?$vector@NV?$allocator@N@std@@@std@@IBE_NPBN@Z 0041afd0 f i fluidsim.obj
 0002:0000a020       ?_Xlen@?$vector@NV?$allocator@N@std@@@std@@IBEXXZ 0041b020 f i fluidsim.obj
 0002:0000a050       ?_Orphan_range@?$vector@NV?$allocator@N@std@@@std@@IBEXPAN0@Z 0041b050 f i fluidsim.obj
 0002:0000a070       ?deallocate@?$allocator@N@std@@QAEXPANI@Z 0041b070 f i fluidsim.obj
 0002:0000a0a0       ?reserve@?$Array1@M@@QAEXK@Z 0041b0a0 f i fluidsim.obj
 0002:0000a140       ?reserve@?$Array1@D@@QAEXK@Z 0041b140 f i fluidsim.obj
 0002:0000a1e0       ?reserve@?$vector@U?$Vec@$02M@@V?$allocator@U?$Vec@$02M@@@std@@@std@@QAEXI@Z 0041b1e0 f i fluidsim.obj
 0002:0000a390       ?capacity@?$vector@U?$Vec@$02M@@V?$allocator@U?$Vec@$02M@@@std@@@std@@QBEIXZ 0041b390 f i fluidsim.obj
 0002:0000a3c0       ?max_size@?$vector@U?$Vec@$02M@@V?$allocator@U?$Vec@$02M@@@std@@@std@@QBEIXZ 0041b3c0 f i fluidsim.obj
 0002:0000a3f0       ?_Grow_to@?$vector@U?$Vec@$02M@@V?$allocator@U?$Vec@$02M@@@std@@@std@@IBEII@Z 0041b3f0 f i fluidsim.obj
 0002:0000a470       ?_Xlen@?$vector@U?$Vec@$02M@@V?$allocator@U?$Vec@$02M@@@std@@@std@@IBEXXZ 0041b470 f i fluidsim.obj
 0002:0000a4a0       ?resize@?$FixedSparseMatrix@N@@QAEXH@Z 0041b4a0 f i fluidsim.obj
 0002:0000a4e0       ?begin@?$vector@V?$vector@NV?$allocator@N@std@@@std@@V?$allocator@V?$vector@NV?$allocator@N@std@@@std@@@2@@std@@QAE?AV?$_Vector_iterator@V?$_Vector_val@V?$vector@NV?$allocator@N@std@@@std@@V?$allocator@V?$vector@NV?$allocator@N@std@@@std@@@2@@std@@@2@XZ 0041b4e0 f i fluidsim.obj
 0002:0000a520       ?end@?$vector@V?$vector@NV?$allocator@N@std@@@std@@V?$allocator@V?$vector@NV?$allocator@N@std@@@std@@@2@@std@@QAE?AV?$_Vector_iterator@V?$_Vector_val@V?$vector@NV?$allocator@N@std@@@std@@V?$allocator@V?$vector@NV?$allocator@N@std@@@std@@@2@@std@@@2@XZ 0041b520 f i fluidsim.obj
 0002:0000a560       ?size@?$vector@V?$vector@NV?$allocator@N@std@@@std@@V?$allocator@V?$vector@NV?$allocator@N@std@@@std@@@2@@std@@QBEIXZ 0041b560 f i fluidsim.obj
 0002:0000a590       ??A?$vector@V?$vector@NV?$allocator@N@std@@@std@@V?$allocator@V?$vector@NV?$allocator@N@std@@@std@@@2@@std@@QBEABV?$vector@NV?$allocator@N@std@@@1@I@Z 0041b590 f i fluidsim.obj
 0002:0000a5c0       ?erase@?$vector@V?$vector@NV?$allocator@N@std@@@std@@V?$allocator@V?$vector@NV?$allocator@N@std@@@std@@@2@@std@@QAE?AV?$_Vector_iterator@V?$_Vector_val@V?$vector@NV?$allocator@N@std@@@std@@V?$allocator@V?$vector@NV?$allocator@N@std@@@std@@@2@@std@@@2@V?$_Vector_const_iterator@V?$_Vector_val@V?$vector@NV?$allocator@N@std@@@std@@V?$allocator@V?$vector@NV?$allocator@N@std@@@std@@@2@@std@@@2@0@Z 0041b5c0 f i fluidsim.obj
 0002:0000a670       ?_Reserve@?$vector@V?$vector@NV?$allocator@N@std@@@std@@V?$allocator@V?$vector@NV?$allocator@N@std@@@std@@@2@@std@@IAEXI@Z 0041b670 f i fluidsim.obj
 0002:0000a6f0       ??0?$_Vector_iterator@V?$_Vector_val@NV?$allocator@N@std@@@std@@@std@@QAE@PANPBU_Container_base0@1@@Z 0041b6f0 f i fluidsim.obj
 0002:0000a730       ??Y?$_Vector_iterator@V?$_Vector_val@NV?$allocator@N@std@@@std@@@std@@QAEAAV01@H@Z 0041b730 f i fluidsim.obj
 0002:0000a760       ??9?$_Vector_const_iterator@V?$_Vector_val@NV?$allocator@N@std@@@std@@@std@@QBE_NABV01@@Z 0041b760 f i fluidsim.obj
 0002:0000a7a0       ??H?$_Vector_iterator@V?$_Vector_val@V?$vector@IV?$allocator@I@std@@@std@@V?$allocator@V?$vector@IV?$allocator@I@std@@@std@@@2@@std@@@std@@QBE?AV01@H@Z 0041b7a0 f i fluidsim.obj
 0002:0000a7e0       ??H?$_Vector_iterator@V?$_Vector_val@IV?$allocator@I@std@@@std@@@std@@QBE?AV01@H@Z 0041b7e0 f i fluidsim.obj
 0002:0000a820       ??H?$_Vector_iterator@V?$_Vector_val@V?$vector@NV?$allocator@N@std@@@std@@V?$allocator@V?$vector@NV?$allocator@N@std@@@std@@@2@@std@@@std@@QBE?AV01@H@Z 0041b820 f i fluidsim.obj
 0002:0000a860       ?reserve@?$vector@V?$vector@IV?$allocator@I@std@@@std@@V?$allocator@V?$vector@IV?$allocator@I@std@@@std@@@2@@std@@QAEXI@Z 0041b860 f i fluidsim.obj
 0002:0000aa00       ?capacity@?$vector@V?$vector@IV?$allocator@I@std@@@std@@V?$allocator@V?$vector@IV?$allocator@I@std@@@std@@@2@@std@@QBEIXZ 0041ba00 f i fluidsim.obj
 0002:0000aa30       ?_Make_iter@?$vector@V?$vector@IV?$allocator@I@std@@@std@@V?$allocator@V?$vector@IV?$allocator@I@std@@@std@@@2@@std@@QBE?AV?$_Vector_iterator@V?$_Vector_val@V?$vector@IV?$allocator@I@std@@@std@@V?$allocator@V?$vector@IV?$allocator@I@std@@@std@@@2@@std@@@2@V?$_Vector_const_iterator@V?$_Vector_val@V?$vector@IV?$allocator@I@std@@@std@@V?$allocator@V?$vector@IV?$allocator@I@std@@@std@@@2@@std@@@2@@Z 0041ba30 f i fluidsim.obj
 0002:0000aa70       ?max_size@?$vector@V?$vector@IV?$allocator@I@std@@@std@@V?$allocator@V?$vector@IV?$allocator@I@std@@@std@@@2@@std@@QBEIXZ 0041ba70 f i fluidsim.obj
 0002:0000aaa0       ?_Destroy@?$vector@V?$vector@IV?$allocator@I@std@@@std@@V?$allocator@V?$vector@IV?$allocator@I@std@@@std@@@2@@std@@IAEXPAV?$vector@IV?$allocator@I@std@@@2@0@Z 0041baa0 f i fluidsim.obj
 0002:0000aae0       ?_Grow_to@?$vector@V?$vector@IV?$allocator@I@std@@@std@@V?$allocator@V?$vector@IV?$allocator@I@std@@@std@@@2@@std@@IBEII@Z 0041bae0 f i fluidsim.obj
 0002:0000ab60       ?_Xlen@?$vector@V?$vector@IV?$allocator@I@std@@@std@@V?$allocator@V?$vector@IV?$allocator@I@std@@@std@@@2@@std@@IBEXXZ 0041bb60 f i fluidsim.obj
 0002:0000ab90       ?reserve@?$vector@IV?$allocator@I@std@@@std@@QAEXI@Z 0041bb90 f i fluidsim.obj
 0002:0000ad30       ?capacity@?$vector@IV?$allocator@I@std@@@std@@QBEIXZ 0041bd30 f i fluidsim.obj
 0002:0000ad60       ?_Make_iter@?$vector@IV?$allocator@I@std@@@std@@QBE?AV?$_Vector_iterator@V?$_Vector_val@IV?$allocator@I@std@@@std@@@2@V?$_Vector_const_iterator@V?$_Vector_val@IV?$allocator@I@std@@@std@@@2@@Z 0041bd60 f i fluidsim.obj
 0002:0000ada0       ?max_size@?$vector@IV?$allocator@I@std@@@std@@QBEIXZ 0041bda0 f i fluidsim.obj
 0002:0000add0       ?_Destroy@?$vector@IV?$allocator@I@std@@@std@@IAEXPAI0@Z 0041bdd0 f i fluidsim.obj
 0002:0000ae10       ?_Grow_to@?$vector@IV?$allocator@I@std@@@std@@IBEII@Z 0041be10 f i fluidsim.obj
 0002:0000ae90       ?_Xlen@?$vector@IV?$allocator@I@std@@@std@@IBEXXZ 0041be90 f i fluidsim.obj
 0002:0000aec0       ?_Assign_rv@?$vector@NV?$allocator@N@std@@@std@@QAEX$$QAV12@@Z 0041bec0 f i fluidsim.obj
 0002:0000b000       ?_Tidy@?$vector@NV?$allocator@N@std@@@std@@IAEXXZ 0041c000 f i fluidsim.obj
 0002:0000b0a0       ?_Insert_n@?$vector@NV?$allocator@N@std@@@std@@IAEXV?$_Vector_const_iterator@V?$_Vector_val@NV?$allocator@N@std@@@std@@@2@IABN@Z 0041c0a0 f i fluidsim.obj
 0002:0000b550       ??0?$_Vector_val@NV?$allocator@N@std@@@std@@QAE@V?$allocator@N@1@@Z 0041c550 f i fluidsim.obj
 0002:0000b5b0       ??1?$_Vector_val@NV?$allocator@N@std@@@std@@QAE@XZ 0041c5b0 f i fluidsim.obj
 0002:0000b5d0       ??0?$allocator@N@std@@QAE@ABV01@@Z 0041c5d0 f i fluidsim.obj
 0002:0000b5f0       ?allocate@?$allocator@N@std@@QAEPANI@Z 0041c5f0 f i fluidsim.obj
 0002:0000b620       ?max_size@?$allocator@N@std@@QBEIXZ 0041c620 f i fluidsim.obj
 0002:0000b660       ?_Destroy@?$vector@U?$Vec@$02M@@V?$allocator@U?$Vec@$02M@@@std@@@std@@IAEXPAU?$Vec@$02M@@0@Z 0041c660 f i fluidsim.obj
 0002:0000b6a0       ?deallocate@?$allocator@U?$Vec@$02M@@@std@@QAEXPAU?$Vec@$02M@@I@Z 0041c6a0 f i fluidsim.obj
 0002:0000b6d0       ?allocate@?$allocator@U?$Vec@$02M@@@std@@QAEPAU?$Vec@$02M@@I@Z 0041c6d0 f i fluidsim.obj
 0002:0000b700       ?max_size@?$allocator@U?$Vec@$02M@@@std@@QBEIXZ 0041c700 f i fluidsim.obj
 0002:0000b740       ?reserve@?$vector@V?$vector@NV?$allocator@N@std@@@std@@V?$allocator@V?$vector@NV?$allocator@N@std@@@std@@@2@@std@@QAEXI@Z 0041c740 f i fluidsim.obj
 0002:0000b8e0       ?capacity@?$vector@V?$vector@NV?$allocator@N@std@@@std@@V?$allocator@V?$vector@NV?$allocator@N@std@@@std@@@2@@std@@QBEIXZ 0041c8e0 f i fluidsim.obj
 0002:0000b910       ?_Make_iter@?$vector@V?$vector@NV?$allocator@N@std@@@std@@V?$allocator@V?$vector@NV?$allocator@N@std@@@std@@@2@@std@@QBE?AV?$_Vector_iterator@V?$_Vector_val@V?$vector@NV?$allocator@N@std@@@std@@V?$allocator@V?$vector@NV?$allocator@N@std@@@std@@@2@@std@@@2@V?$_Vector_const_iterator@V?$_Vector_val@V?$vector@NV?$allocator@N@std@@@std@@V?$allocator@V?$vector@NV?$allocator@N@std@@@std@@@2@@std@@@2@@Z 0041c910 f i fluidsim.obj
 0002:0000b950       ?max_size@?$vector@V?$vector@NV?$allocator@N@std@@@std@@V?$allocator@V?$vector@NV?$allocator@N@std@@@std@@@2@@std@@QBEIXZ 0041c950 f i fluidsim.obj
 0002:0000b980       ?_Destroy@?$vector@V?$vector@NV?$allocator@N@std@@@std@@V?$allocator@V?$vector@NV?$allocator@N@std@@@std@@@2@@std@@IAEXPAV?$vector@NV?$allocator@N@std@@@2@0@Z 0041c980 f i fluidsim.obj
 0002:0000b9c0       ?_Grow_to@?$vector@V?$vector@NV?$allocator@N@std@@@std@@V?$allocator@V?$vector@NV?$allocator@N@std@@@std@@@2@@std@@IBEII@Z 0041c9c0 f i fluidsim.obj
 0002:0000ba40       ?_Xlen@?$vector@V?$vector@NV?$allocator@N@std@@@std@@V?$allocator@V?$vector@NV?$allocator@N@std@@@std@@@2@@std@@IBEXXZ 0041ca40 f i fluidsim.obj
 0002:0000ba70       ??0?$_Vector_const_iterator@V?$_Vector_val@NV?$allocator@N@std@@@std@@@std@@QAE@PANPBU_Container_base0@1@@Z 0041ca70 f i fluidsim.obj
 0002:0000bab0       ?_Adopt@_Iterator_base0@std@@QAEXPBX@Z 0041cab0 f i fluidsim.obj
 0002:0000bad0       ??Y?$_Vector_const_iterator@V?$_Vector_val@NV?$allocator@N@std@@@std@@@std@@QAEAAV01@H@Z 0041cad0 f i fluidsim.obj
 0002:0000bb10       ??8?$_Vector_const_iterator@V?$_Vector_val@NV?$allocator@N@std@@@std@@@std@@QBE_NABV01@@Z 0041cb10 f i fluidsim.obj
 0002:0000bb50       ??0?$_Vector_iterator@V?$_Vector_val@V?$vector@IV?$allocator@I@std@@@std@@V?$allocator@V?$vector@IV?$allocator@I@std@@@std@@@2@@std@@@std@@QAE@PAV?$vector@IV?$allocator@I@std@@@1@PBU_Container_base0@1@@Z 0041cb50 f i fluidsim.obj
 0002:0000bb90       ??Y?$_Vector_iterator@V?$_Vector_val@V?$vector@IV?$allocator@I@std@@@std@@V?$allocator@V?$vector@IV?$allocator@I@std@@@std@@@2@@std@@@std@@QAEAAV01@H@Z 0041cb90 f i fluidsim.obj
 0002:0000bbc0       ??9?$_Vector_const_iterator@V?$_Vector_val@V?$vector@IV?$allocator@I@std@@@std@@V?$allocator@V?$vector@IV?$allocator@I@std@@@std@@@2@@std@@@std@@QBE_NABV01@@Z 0041cbc0 f i fluidsim.obj
 0002:0000bc00       ??0?$_Vector_iterator@V?$_Vector_val@IV?$allocator@I@std@@@std@@@std@@QAE@PAIPBU_Container_base0@1@@Z 0041cc00 f i fluidsim.obj
 0002:0000bc40       ??Y?$_Vector_iterator@V?$_Vector_val@IV?$allocator@I@std@@@std@@@std@@QAEAAV01@H@Z 0041cc40 f i fluidsim.obj
 0002:0000bc70       ??9?$_Vector_const_iterator@V?$_Vector_val@IV?$allocator@I@std@@@std@@@std@@QBE_NABV01@@Z 0041cc70 f i fluidsim.obj
 0002:0000bcb0       ??0?$_Vector_iterator@V?$_Vector_val@V?$vector@NV?$allocator@N@std@@@std@@V?$allocator@V?$vector@NV?$allocator@N@std@@@std@@@2@@std@@@std@@QAE@PAV?$vector@NV?$allocator@N@std@@@1@PBU_Container_base0@1@@Z 0041ccb0 f i fluidsim.obj
 0002:0000bcf0       ??Y?$_Vector_iterator@V?$_Vector_val@V?$vector@NV?$allocator@N@std@@@std@@V?$allocator@V?$vector@NV?$allocator@N@std@@@std@@@2@@std@@@std@@QAEAAV01@H@Z 0041ccf0 f i fluidsim.obj
 0002:0000bd20       ??9?$_Vector_const_iterator@V?$_Vector_val@V?$vector@NV?$allocator@N@std@@@std@@V?$allocator@V?$vector@NV?$allocator@N@std@@@std@@@2@@std@@@std@@QBE_NABV01@@Z 0041cd20 f i fluidsim.obj
 0002:0000bd60       ?deallocate@?$allocator@V?$vector@IV?$allocator@I@std@@@std@@@std@@QAEXPAV?$vector@IV?$allocator@I@std@@@2@I@Z 0041cd60 f i fluidsim.obj
 0002:0000bd90       ?allocate@?$allocator@V?$vector@IV?$allocator@I@std@@@std@@@std@@QAEPAV?$vector@IV?$allocator@I@std@@@2@I@Z 0041cd90 f i fluidsim.obj
 0002:0000bdc0       ?max_size@?$allocator@V?$vector@IV?$allocator@I@std@@@std@@@std@@QBEIXZ 0041cdc0 f i fluidsim.obj
 0002:0000be00       ?deallocate@?$allocator@I@std@@QAEXPAII@Z 0041ce00 f i fluidsim.obj
 0002:0000be30       ?allocate@?$allocator@I@std@@QAEPAII@Z 0041ce30 f i fluidsim.obj
 0002:0000be60       ?max_size@?$allocator@I@std@@QBEIXZ 0041ce60 f i fluidsim.obj
 0002:0000bea0       ?push_back@?$vector@NV?$allocator@N@std@@@std@@QAEX$$QAN@Z 0041cea0 f i fluidsim.obj
 0002:0000c000       ?get_allocator@?$vector@NV?$allocator@N@std@@@std@@QBE?AV?$allocator@N@2@XZ 0041d000 f i fluidsim.obj
 0002:0000c030       ?_Ufill@?$vector@NV?$allocator@N@std@@@std@@IAEPANPANIPBN@Z 0041d030 f i fluidsim.obj
 0002:0000c080       ?deallocate@?$allocator@V?$vector@NV?$allocator@N@std@@@std@@@std@@QAEXPAV?$vector@NV?$allocator@N@std@@@2@I@Z 0041d080 f i fluidsim.obj
 0002:0000c0b0       ?allocate@?$allocator@V?$vector@NV?$allocator@N@std@@@std@@@std@@QAEPAV?$vector@NV?$allocator@N@std@@@2@I@Z 0041d0b0 f i fluidsim.obj
 0002:0000c0e0       ?max_size@?$allocator@V?$vector@NV?$allocator@N@std@@@std@@@std@@QBEIXZ 0041d0e0 f i fluidsim.obj
 0002:0000c120       ??D?$_Vector_iterator@V?$_Vector_val@NV?$allocator@N@std@@@std@@@std@@QBEAANXZ 0041d120 f i fluidsim.obj
 0002:0000c150       ??E?$_Vector_iterator@V?$_Vector_val@NV?$allocator@N@std@@@std@@@std@@QAEAAV01@XZ 0041d150 f i fluidsim.obj
 0002:0000c180       ?_Compat@?$_Vector_const_iterator@V?$_Vector_val@NV?$allocator@N@std@@@std@@@std@@QBEXABV12@@Z 0041d180 f i fluidsim.obj
 0002:0000c1a0       ??0?$_Vector_const_iterator@V?$_Vector_val@V?$vector@IV?$allocator@I@std@@@std@@V?$allocator@V?$vector@IV?$allocator@I@std@@@std@@@2@@std@@@std@@QAE@PAV?$vector@IV?$allocator@I@std@@@1@PBU_Container_base0@1@@Z 0041d1a0 f i fluidsim.obj
 0002:0000c1e0       ??Y?$_Vector_const_iterator@V?$_Vector_val@V?$vector@IV?$allocator@I@std@@@std@@V?$allocator@V?$vector@IV?$allocator@I@std@@@std@@@2@@std@@@std@@QAEAAV01@H@Z 0041d1e0 f i fluidsim.obj
 0002:0000c220       ??8?$_Vector_const_iterator@V?$_Vector_val@V?$vector@IV?$allocator@I@std@@@std@@V?$allocator@V?$vector@IV?$allocator@I@std@@@std@@@2@@std@@@std@@QBE_NABV01@@Z 0041d220 f i fluidsim.obj
 0002:0000c260       ??0?$_Vector_const_iterator@V?$_Vector_val@IV?$allocator@I@std@@@std@@@std@@QAE@PAIPBU_Container_base0@1@@Z 0041d260 f i fluidsim.obj
 0002:0000c2a0       ??Y?$_Vector_const_iterator@V?$_Vector_val@IV?$allocator@I@std@@@std@@@std@@QAEAAV01@H@Z 0041d2a0 f i fluidsim.obj
 0002:0000c2e0       ??8?$_Vector_const_iterator@V?$_Vector_val@IV?$allocator@I@std@@@std@@@std@@QBE_NABV01@@Z 0041d2e0 f i fluidsim.obj
 0002:0000c320       ??0?$_Vector_const_iterator@V?$_Vector_val@V?$vector@NV?$allocator@N@std@@@std@@V?$allocator@V?$vector@NV?$allocator@N@std@@@std@@@2@@std@@@std@@QAE@PAV?$vector@NV?$allocator@N@std@@@1@PBU_Container_base0@1@@Z 0041d320 f i fluidsim.obj
 0002:0000c360       ??Y?$_Vector_const_iterator@V?$_Vector_val@V?$vector@NV?$allocator@N@std@@@std@@V?$allocator@V?$vector@NV?$allocator@N@std@@@std@@@2@@std@@@std@@QAEAAV01@H@Z 0041d360 f i fluidsim.obj
 0002:0000c3a0       ??8?$_Vector_const_iterator@V?$_Vector_val@V?$vector@NV?$allocator@N@std@@@std@@V?$allocator@V?$vector@NV?$allocator@N@std@@@std@@@2@@std@@@std@@QBE_NABV01@@Z 0041d3a0 f i fluidsim.obj
 0002:0000c3e0       ??D?$_Vector_const_iterator@V?$_Vector_val@NV?$allocator@N@std@@@std@@@std@@QBEABNXZ 0041d3e0 f i fluidsim.obj
 0002:0000c400       ??E?$_Vector_const_iterator@V?$_Vector_val@NV?$allocator@N@std@@@std@@@std@@QAEAAV01@XZ 0041d400 f i fluidsim.obj
 0002:0000c430       ?_Compat@?$_Vector_const_iterator@V?$_Vector_val@V?$vector@IV?$allocator@I@std@@@std@@V?$allocator@V?$vector@IV?$allocator@I@std@@@std@@@2@@std@@@std@@QBEXABV12@@Z 0041d430 f i fluidsim.obj
 0002:0000c450       ?_Compat@?$_Vector_const_iterator@V?$_Vector_val@IV?$allocator@I@std@@@std@@@std@@QBEXABV12@@Z 0041d450 f i fluidsim.obj
 0002:0000c470       ?_Compat@?$_Vector_const_iterator@V?$_Vector_val@V?$vector@NV?$allocator@N@std@@@std@@V?$allocator@V?$vector@NV?$allocator@N@std@@@std@@@2@@std@@@std@@QBEXABV12@@Z 0041d470 f i fluidsim.obj
 0002:0000c490       ??$?D$02M@@YA?AU?$Vec@$02M@@MABU0@@Z 0041d490 f i fluidsim.obj
 0002:0000c510       ??$interpolate_value@MM@@YAMABU?$Vec@$02M@@ABU?$Array3@MU?$Array1@M@@@@@Z 0041d510 f i fluidsim.obj
 0002:0000c6e0       ??$max@M@std@@YAABMABM0@Z  0041d6e0 f i fluidsim.obj
 0002:0000c730       ??$interpolate_gradient@MM@@YAMAAU?$Vec@$02M@@ABU0@ABU?$Array3@MU?$Array1@M@@@@@Z 0041d730 f i fluidsim.obj
 0002:0000cab0       ??$normalize@$02M@@YAXAAU?$Vec@$02M@@@Z 0041dab0 f i fluidsim.obj
 0002:0000cb00       ??$dot@$02M@@YAMABU?$Vec@$02M@@0@Z 0041db00 f i fluidsim.obj
 0002:0000cb70       ??$mag@$02M@@YAMABU?$Vec@$02M@@@Z 0041db70 f i fluidsim.obj
 0002:0000cba0       ?sqrt@@YAMM@Z              0041dba0 f i fluidsim.obj
 0002:0000cbd0       _sqrtf                     0041dbd0 f i fluidsim.obj
 0002:0000cc00       ??$?0M@?$Vec@$02H@@QAE@ABU?$Vec@$02M@@@Z 0041dc00 f i fluidsim.obj
 0002:0000cc70       ??$max@H@std@@YAABHABH0@Z  0041dc70 f i fluidsim.obj
 0002:0000ccb0       ??$min@H@std@@YAABHABH0@Z  0041dcb0 f i fluidsim.obj
 0002:0000ccf0       ??$dist@$02M@@YAMABU?$Vec@$02M@@0@Z 0041dcf0 f i fluidsim.obj
 0002:0000cd30       ??$clamp@M@@YAMMMM@Z       0041dd30 f i fluidsim.obj
 0002:0000cd80       ??$sqr@M@@YAMABM@Z         0041dd80 f i fluidsim.obj
 0002:0000cdb0       ??$_Uninitialized_default_fill_n@PANINV?$allocator@N@std@@@std@@YAXPANIPBNAAV?$allocator@N@0@@Z 0041ddb0 f i fluidsim.obj
 0002:0000ce10       ??$addressof@$$CBU?$Vec@$02M@@@std@@YAPBU?$Vec@$02M@@ABU1@@Z 0041de10 f i fluidsim.obj
 0002:0000ce30       ??$_Cons_val@V?$allocator@U?$Vec@$02M@@@std@@U?$Vec@$02M@@AAU3@@std@@YAXAAV?$allocator@U?$Vec@$02M@@@0@PAU?$Vec@$02M@@AAU2@@Z 0041de30 f i fluidsim.obj
 0002:0000ce70       ??$_Cons_val@V?$allocator@U?$Vec@$02M@@@std@@U?$Vec@$02M@@ABU3@@std@@YAXAAV?$allocator@U?$Vec@$02M@@@0@PAU?$Vec@$02M@@ABU2@@Z 0041de70 f i fluidsim.obj
 0002:0000ceb0       ??$zero@N@@YAXAAV?$vector@NV?$allocator@N@std@@@std@@@Z 0041deb0 f i fluidsim.obj
 0002:0000cf10       ??$multiply@N@@YAXABU?$FixedSparseMatrix@N@@ABV?$vector@NV?$allocator@N@std@@@std@@AAV12@@Z 0041df10 f i fluidsim.obj
 0002:0000d050       ??$insert@I@@YAXAAV?$vector@IV?$allocator@I@std@@@std@@II@Z 0041e050 f i fluidsim.obj
 0002:0000d0f0       ??$insert@N@@YAXAAV?$vector@NV?$allocator@N@std@@@std@@IN@Z 0041e0f0 f i fluidsim.obj
 0002:0000d190       ??$_Uninitialized_default_fill_n@PAV?$vector@IV?$allocator@I@std@@@std@@IV12@V?$allocator@V?$vector@IV?$allocator@I@std@@@std@@@2@@std@@YAXPAV?$vector@IV?$allocator@I@std@@@0@IPBV10@AAV?$allocator@V?$vector@IV?$allocator@I@std@@@std@@@0@@Z 0041e190 f i fluidsim.obj
 0002:0000d1f0       ??$_Uninitialized_default_fill_n@PAIIIV?$allocator@I@std@@@std@@YAXPAIIPBIAAV?$allocator@I@0@@Z 0041e1f0 f i fluidsim.obj
 0002:0000d250       ??$addressof@$$CBI@std@@YAPBIABI@Z 0041e250 f i fluidsim.obj
 0002:0000d270       ??$_Cons_val@V?$allocator@I@std@@IAAI@std@@YAXAAV?$allocator@I@0@PAIAAI@Z 0041e270 f i fluidsim.obj
 0002:0000d2b0       ??$_Cons_val@V?$allocator@I@std@@IABI@std@@YAXAAV?$allocator@I@0@PAIABI@Z 0041e2b0 f i fluidsim.obj
 0002:0000d2f0       ??$_Copy_impl@PANPAN@std@@YAPANPAN00@Z 0041e2f0 f i fluidsim.obj
 0002:0000d340       ??$_Ucopy@PAN@?$vector@NV?$allocator@N@std@@@std@@IAEPANPAN00@Z 0041e340 f i fluidsim.obj
 0002:0000d380       ??$addressof@$$CBN@std@@YAPBNABN@Z 0041e380 f i fluidsim.obj
 0002:0000d3a0       ??$_Cons_val@V?$allocator@N@std@@NAAN@std@@YAXAAV?$allocator@N@0@PANAAN@Z 0041e3a0 f i fluidsim.obj
 0002:0000d3e0       ??$_Cons_val@V?$allocator@N@std@@NABN@std@@YAXAAV?$allocator@N@0@PANABN@Z 0041e3e0 f i fluidsim.obj
 0002:0000d420       ??$_Move@PANPAN@std@@YAPANPAN00@Z 0041e420 f i fluidsim.obj
 0002:0000d470       ??$?8NN@std@@YA_NABV?$allocator@N@0@0@Z 0041e470 f i fluidsim.obj
 0002:0000d490       ??$swap@PAN@std@@YAXAAPAN0@Z 0041e490 f i fluidsim.obj
 0002:0000d4f0       ??$_Move@AAV?$vector@NV?$allocator@N@std@@@std@@@std@@YA$$QAV?$vector@NV?$allocator@N@std@@@0@AAV10@@Z 0041e4f0 f i fluidsim.obj
 0002:0000d510       ??$factor_modified_incomplete_cholesky0@N@@YAXABU?$SparseMatrix@N@@AAU?$SparseColumnLowerFactor@N@@NN@Z 0041e510 f i fluidsim.obj
 0002:0000dd20       ??$solve_lower@N@@YAXABU?$SparseColumnLowerFactor@N@@ABV?$vector@NV?$allocator@N@std@@@std@@AAV12@@Z 0041ed20 f i fluidsim.obj
 0002:0000deb0       ??$solve_lower_transpose_in_place@N@@YAXABU?$SparseColumnLowerFactor@N@@AAV?$vector@NV?$allocator@N@std@@@std@@@Z 0041eeb0 f i fluidsim.obj
 0002:0000e020       ??$_Uninitialized_default_fill_n@PAV?$vector@NV?$allocator@N@std@@@std@@IV12@V?$allocator@V?$vector@NV?$allocator@N@std@@@std@@@2@@std@@YAXPAV?$vector@NV?$allocator@N@std@@@0@IPBV10@AAV?$allocator@V?$vector@NV?$allocator@N@std@@@std@@@0@@Z 0041f020 f i fluidsim.obj
 0002:0000e080       ??$_Move@PAV?$vector@IV?$allocator@I@std@@@std@@PAV12@@std@@YAPAV?$vector@IV?$allocator@I@std@@@0@PAV10@00@Z 0041f080 f i fluidsim.obj
 0002:0000e0d0       ??$_Move@PAIPAI@std@@YAPAIPAI00@Z 0041f0d0 f i fluidsim.obj
 0002:0000e120       ??$forward@V?$vector@NV?$allocator@N@std@@@std@@@std@@YA$$QAV?$vector@NV?$allocator@N@std@@@0@AAV10@@Z 0041f120 f i fluidsim.obj
 0002:0000e140       ??$_Umove@PAN@?$vector@NV?$allocator@N@std@@@std@@IAEPANPAN00@Z 0041f140 f i fluidsim.obj
 0002:0000e180       ??$_Destroy_range@V?$allocator@N@std@@@std@@YAXPAN0AAV?$allocator@N@0@@Z 0041f180 f i fluidsim.obj
 0002:0000e1d0       ??$_Umove@PAU?$Vec@$02M@@@?$vector@U?$Vec@$02M@@V?$allocator@U?$Vec@$02M@@@std@@@std@@IAEPAU?$Vec@$02M@@PAU2@00@Z 0041f1d0 f i fluidsim.obj
 0002:0000e210       ??$_Move@PAV?$vector@NV?$allocator@N@std@@@std@@PAV12@@std@@YAPAV?$vector@NV?$allocator@N@std@@@0@PAV10@00@Z 0041f210 f i fluidsim.obj
 0002:0000e260       ??$_Umove@PAV?$vector@IV?$allocator@I@std@@@std@@@?$vector@V?$vector@IV?$allocator@I@std@@@std@@V?$allocator@V?$vector@IV?$allocator@I@std@@@std@@@2@@std@@IAEPAV?$vector@IV?$allocator@I@std@@@1@PAV21@00@Z 0041f260 f i fluidsim.obj
 0002:0000e2a0       ??$_Destroy_range@V?$allocator@V?$vector@IV?$allocator@I@std@@@std@@@std@@@std@@YAXPAV?$vector@IV?$allocator@I@std@@@0@0AAV?$allocator@V?$vector@IV?$allocator@I@std@@@std@@@0@@Z 0041f2a0 f i fluidsim.obj
 0002:0000e2f0       ??$_Umove@PAI@?$vector@IV?$allocator@I@std@@@std@@IAEPAIPAI00@Z 0041f2f0 f i fluidsim.obj
 0002:0000e330       ??$_Destroy_range@V?$allocator@I@std@@@std@@YAXPAI0AAV?$allocator@I@0@@Z 0041f330 f i fluidsim.obj
 0002:0000e380       ??$?9NN@std@@YA_NABV?$allocator@N@0@0@Z 0041f380 f i fluidsim.obj
 0002:0000e3c0       ??$forward@N@std@@YA$$QANAAN@Z 0041f3c0 f i fluidsim.obj
 0002:0000e3e0       ??$addressof@N@std@@YAPANAAN@Z 0041f3e0 f i fluidsim.obj
 0002:0000e400       ??$fill@PANN@std@@YAXPAN0ABN@Z 0041f400 f i fluidsim.obj
 0002:0000e450       ??$_Copy_backward@PANPAN@std@@YAPANPAN00@Z 0041f450 f i fluidsim.obj
 0002:0000e4a0       ??$_Allocate@N@std@@YAPANIPAN@Z 0041f4a0 f i fluidsim.obj
 0002:0000e520       ??0bad_alloc@std@@QAE@PBD@Z 0041f520 f i fluidsim.obj
 0002:0000e560       ??$_Destroy_range@V?$allocator@U?$Vec@$02M@@@std@@@std@@YAXPAU?$Vec@$02M@@0AAV?$allocator@U?$Vec@$02M@@@0@@Z 0041f560 f i fluidsim.obj
 0002:0000e5b0       ??$_Allocate@U?$Vec@$02M@@@std@@YAPAU?$Vec@$02M@@IPAU1@@Z 0041f5b0 f i fluidsim.obj
 0002:0000e630       ??$_Umove@PAV?$vector@NV?$allocator@N@std@@@std@@@?$vector@V?$vector@NV?$allocator@N@std@@@std@@V?$allocator@V?$vector@NV?$allocator@N@std@@@std@@@2@@std@@IAEPAV?$vector@NV?$allocator@N@std@@@1@PAV21@00@Z 0041f630 f i fluidsim.obj
 0002:0000e670       ??$_Destroy_range@V?$allocator@V?$vector@NV?$allocator@N@std@@@std@@@std@@@std@@YAXPAV?$vector@NV?$allocator@N@std@@@0@0AAV?$allocator@V?$vector@NV?$allocator@N@std@@@std@@@0@@Z 0041f670 f i fluidsim.obj
 0002:0000e6c0       ??$_Allocate@V?$vector@IV?$allocator@I@std@@@std@@@std@@YAPAV?$vector@IV?$allocator@I@std@@@0@IPAV10@@Z 0041f6c0 f i fluidsim.obj
 0002:0000e740       ??$_Allocate@I@std@@YAPAIIPAI@Z 0041f740 f i fluidsim.obj
 0002:0000e7c0       ??$_Cons_val@V?$allocator@N@std@@NN@std@@YAXAAV?$allocator@N@0@PAN$$QAN@Z 0041f7c0 f i fluidsim.obj
 0002:0000e800       ??$_Uninitialized_fill_n@PANINV?$allocator@N@std@@@std@@YAXPANIPBNAAV?$allocator@N@0@@Z 0041f800 f i fluidsim.obj
 0002:0000e860       ??$_Allocate@V?$vector@NV?$allocator@N@std@@@std@@@std@@YAPAV?$vector@NV?$allocator@N@std@@@0@IPAV10@@Z 0041f860 f i fluidsim.obj
 0002:0000e8e0       ?back@?$vector@IV?$allocator@I@std@@@std@@QAEAAIXZ 0041f8e0 f i fluidsim.obj
 0002:0000e920       ?construct@?$allocator@I@std@@QAEXPAIABI@Z 0041f920 f i fluidsim.obj
 0002:0000e950       ?back@?$vector@NV?$allocator@N@std@@@std@@QAEAANXZ 0041f950 f i fluidsim.obj
 0002:0000e990       ?construct@?$allocator@N@std@@QAEXPANABN@Z 0041f990 f i fluidsim.obj
 0002:0000e9c0       ?construct@?$allocator@N@std@@QAEXPAN$$QAN@Z 0041f9c0 f i fluidsim.obj
 0002:0000ea70       ??2@YAPAXIPAX@Z            0041fa70 f i fluidsim.obj
 0002:0000ea90       ??3@YAXPAX0@Z              0041fa90 f i fluidsim.obj
 0002:0000eab0       ??R?$Array3@MU?$Array1@M@@@@QBEABMHHH@Z 0041fab0 f i fluidsim.obj
 0002:0000eb50       ?construct@?$allocator@U?$Vec@$02M@@@std@@QAEXPAU?$Vec@$02M@@ABU3@@Z 0041fb50 f i fluidsim.obj
 0002:0000eb80       ?resize@?$SparseColumnLowerFactor@N@@QAEXI@Z 0041fb80 f i fluidsim.obj
 0002:0000ebf0       ??X?$Vec@$02M@@QAE?AU0@M@Z 0041fbf0 f i fluidsim.obj
 0002:0000ec70       ??A?$Array1@M@@QBEABMK@Z   0041fc70 f i fluidsim.obj
 0002:0000eca0       ??G?$_Vector_iterator@V?$_Vector_val@NV?$allocator@N@std@@@std@@@std@@QBE?AV01@H@Z 0041fca0 f i fluidsim.obj
 0002:0000ece0       ??D?$_Vector_iterator@V?$_Vector_val@IV?$allocator@I@std@@@std@@@std@@QBEAAIXZ 0041fce0 f i fluidsim.obj
 0002:0000ed10       ??G?$_Vector_iterator@V?$_Vector_val@IV?$allocator@I@std@@@std@@@std@@QBE?AV01@H@Z 0041fd10 f i fluidsim.obj
 0002:0000ed50       ??Z?$_Vector_iterator@V?$_Vector_val@NV?$allocator@N@std@@@std@@@std@@QAEAAV01@H@Z 0041fd50 f i fluidsim.obj
 0002:0000ed80       ??Z?$_Vector_iterator@V?$_Vector_val@IV?$allocator@I@std@@@std@@@std@@QAEAAV01@H@Z 0041fd80 f i fluidsim.obj
 0002:0000edb0       ??D?$_Vector_const_iterator@V?$_Vector_val@IV?$allocator@I@std@@@std@@@std@@QBEABIXZ 0041fdb0 f i fluidsim.obj
 0002:0000edd0       ??$get_barycentric@M@@YAXMAAHAAMHH@Z 0041fdd0 f i fluidsim.obj
 0002:0000ee70       ?floor@@YAMM@Z             0041fe70 f i fluidsim.obj
 0002:0000eea0       _floorf                    0041fea0 f i fluidsim.obj
 0002:0000eee0       ??$trilerp@MM@@YAMABM0000000MMM@Z 0041fee0 f i fluidsim.obj
 0002:0000ef80       ??$bilerp@MM@@YAMABM000MM@Z 0041ff80 f i fluidsim.obj
 0002:0000f000       ??$mag2@$02M@@YAMABU?$Vec@$02M@@@Z 00420000 f i fluidsim.obj
 0002:0000f070       ??$dist2@$02M@@YAMABU?$Vec@$02M@@0@Z 00420070 f i fluidsim.obj
 0002:0000f100       ??$_Val_type@PAN@std@@YAPANPAN@Z 00420100 f i fluidsim.obj
 0002:0000f120       ??$_Ptr_cat@NN@std@@YA?AU_Scalar_ptr_iterator_tag@0@PAN0@Z 00420120 f i fluidsim.obj
 0002:0000f140       ??$_Uninit_def_fill_n@NINN@std@@YAXPANIPBNAAV?$allocator@N@0@0U_Scalar_ptr_iterator_tag@0@@Z 00420140 f i fluidsim.obj
 0002:0000f180       ??$forward@AAU?$Vec@$02M@@@std@@YAAAU?$Vec@$02M@@AAU1@@Z 00420180 f i fluidsim.obj
 0002:0000f1a0       ??$construct@AAU?$Vec@$02M@@@?$allocator@U?$Vec@$02M@@@std@@QAEXPAU?$Vec@$02M@@AAU2@@Z 004201a0 f i fluidsim.obj
 0002:0000f260       ??$forward@ABU?$Vec@$02M@@@std@@YAABU?$Vec@$02M@@ABU1@@Z 00420260 f i fluidsim.obj
 0002:0000f280       ??$_Val_type@PAV?$vector@IV?$allocator@I@std@@@std@@@std@@YAPAV?$vector@IV?$allocator@I@std@@@0@PAV10@@Z 00420280 f i fluidsim.obj
 0002:0000f2a0       ??$_Ptr_cat@V?$vector@IV?$allocator@I@std@@@std@@V12@@std@@YA?AU_Nonscalar_ptr_iterator_tag@0@PAV?$vector@IV?$allocator@I@std@@@0@0@Z 004202a0 f i fluidsim.obj
 0002:0000f2c0       ??$_Uninit_def_fill_n@PAV?$vector@IV?$allocator@I@std@@@std@@IV12@V?$allocator@V?$vector@IV?$allocator@I@std@@@std@@@2@V12@@std@@YAXPAV?$vector@IV?$allocator@I@std@@@0@IPBV10@AAV?$allocator@V?$vector@IV?$allocator@I@std@@@std@@@0@0U_Nonscalar_ptr_iterator_tag@0@@Z 004202c0 f i fluidsim.obj
 0002:0000f3e0       ??$_Val_type@PAI@std@@YAPAIPAI@Z 004203e0 f i fluidsim.obj
 0002:0000f400       ??$_Ptr_cat@II@std@@YA?AU_Scalar_ptr_iterator_tag@0@PAI0@Z 00420400 f i fluidsim.obj
 0002:0000f420       ??$_Uninit_def_fill_n@IIII@std@@YAXPAIIPBIAAV?$allocator@I@0@0U_Scalar_ptr_iterator_tag@0@@Z 00420420 f i fluidsim.obj
 0002:0000f460       ??$forward@AAI@std@@YAAAIAAI@Z 00420460 f i fluidsim.obj
 0002:0000f480       ??$construct@AAI@?$allocator@I@std@@QAEXPAIAAI@Z 00420480 f i fluidsim.obj
 0002:0000f530       ??$forward@ABI@std@@YAABIABI@Z 00420530 f i fluidsim.obj
 0002:0000f550       ??$_Copy_impl@PANPAN@std@@YAPANPAN00U_Scalar_ptr_iterator_tag@0@@Z 00420550 f i fluidsim.obj
 0002:0000f5a0       ??$_Uninitialized_copy@PANPANV?$allocator@N@std@@@std@@YAPANPAN00AAV?$allocator@N@0@@Z 004205a0 f i fluidsim.obj
 0002:0000f5f0       ??$forward@AAN@std@@YAAANAAN@Z 004205f0 f i fluidsim.obj
 0002:0000f610       ??$construct@AAN@?$allocator@N@std@@QAEXPANAAN@Z 00420610 f i fluidsim.obj
 0002:0000f6c0       ??$forward@ABN@std@@YAABNABN@Z 004206c0 f i fluidsim.obj
 0002:0000f6e0       ??$_Move@PANPAN@std@@YAPANPAN00U_Scalar_ptr_iterator_tag@0@@Z 004206e0 f i fluidsim.obj
 0002:0000f730       ??$_Move@AAPAN@std@@YA$$QAPANAAPAN@Z 00420730 f i fluidsim.obj
 0002:0000f750       ??$_Val_type@PAV?$vector@NV?$allocator@N@std@@@std@@@std@@YAPAV?$vector@NV?$allocator@N@std@@@0@PAV10@@Z 00420750 f i fluidsim.obj
 0002:0000f770       ??$_Ptr_cat@V?$vector@NV?$allocator@N@std@@@std@@V12@@std@@YA?AU_Nonscalar_ptr_iterator_tag@0@PAV?$vector@NV?$allocator@N@std@@@0@0@Z 00420770 f i fluidsim.obj
 0002:0000f790       ??$_Uninit_def_fill_n@PAV?$vector@NV?$allocator@N@std@@@std@@IV12@V?$allocator@V?$vector@NV?$allocator@N@std@@@std@@@2@V12@@std@@YAXPAV?$vector@NV?$allocator@N@std@@@0@IPBV10@AAV?$allocator@V?$vector@NV?$allocator@N@std@@@std@@@0@0U_Nonscalar_ptr_iterator_tag@0@@Z 00420790 f i fluidsim.obj
 0002:0000f8b0       ??$_Move@PAV?$vector@IV?$allocator@I@std@@@std@@PAV12@@std@@YAPAV?$vector@IV?$allocator@I@std@@@0@PAV10@00U_Nonscalar_ptr_iterator_tag@0@@Z 004208b0 f i fluidsim.obj
 0002:0000f910       ??$_Move@PAIPAI@std@@YAPAIPAI00U_Scalar_ptr_iterator_tag@0@@Z 00420910 f i fluidsim.obj
 0002:0000f960       ??$_Uninitialized_move@PANPANV?$allocator@N@std@@@std@@YAPANPAN00AAV?$allocator@N@0@@Z 00420960 f i fluidsim.obj
 0002:0000f9c0       ??$_Destroy_range@V?$allocator@N@std@@@std@@YAXPAN0AAV?$allocator@N@0@U_Scalar_ptr_iterator_tag@0@@Z 004209c0 f i fluidsim.obj
 0002:0000f9e0       ??$_Uninitialized_move@PAU?$Vec@$02M@@PAU1@V?$allocator@U?$Vec@$02M@@@std@@@std@@YAPAU?$Vec@$02M@@PAU1@00AAV?$allocator@U?$Vec@$02M@@@0@@Z 004209e0 f i fluidsim.obj
 0002:0000fa40       ??$_Move@PAV?$vector@NV?$allocator@N@std@@@std@@PAV12@@std@@YAPAV?$vector@NV?$allocator@N@std@@@0@PAV10@00U_Nonscalar_ptr_iterator_tag@0@@Z 00420a40 f i fluidsim.obj
 0002:0000faa0       ??$_Uninitialized_move@PAV?$vector@IV?$allocator@I@std@@@std@@PAV12@V?$allocator@V?$vector@IV?$allocator@I@std@@@std@@@2@@std@@YAPAV?$vector@IV?$allocator@I@std@@@0@PAV10@00AAV?$allocator@V?$vector@IV?$allocator@I@std@@@std@@@0@@Z 00420aa0 f i fluidsim.obj
 0002:0000fb00       ??$_Destroy_range@V?$allocator@V?$vector@IV?$allocator@I@std@@@std@@@std@@@std@@YAXPAV?$vector@IV?$allocator@I@std@@@0@0AAV?$allocator@V?$vector@IV?$allocator@I@std@@@std@@@0@U_Nonscalar_ptr_iterator_tag@0@@Z 00420b00 f i fluidsim.obj
 0002:0000fb50       ??$_Uninitialized_move@PAIPAIV?$allocator@I@std@@@std@@YAPAIPAI00AAV?$allocator@I@0@@Z 00420b50 f i fluidsim.obj
 0002:0000fbb0       ??$_Destroy_range@V?$allocator@I@std@@@std@@YAXPAI0AAV?$allocator@I@0@U_Scalar_ptr_iterator_tag@0@@Z 00420bb0 f i fluidsim.obj
 0002:0000fbd0       ??$_Unchecked@PAN@std@@YAPANPAN@Z 00420bd0 f i fluidsim.obj
 0002:0000fbf0       ??$_Fill@PANN@std@@YAXPAN0ABN@Z 00420bf0 f i fluidsim.obj
 0002:0000fc30       ??$_Copy_backward@PANPAN@std@@YAPANPAN00U_Scalar_ptr_iterator_tag@0@@Z 00420c30 f i fluidsim.obj
 0002:0000fc90       ??$_Ptr_cat@U?$Vec@$02M@@U1@@std@@YA?AU_Nonscalar_ptr_iterator_tag@0@PAU?$Vec@$02M@@0@Z 00420c90 f i fluidsim.obj
 0002:0000fcb0       ??$_Destroy_range@V?$allocator@U?$Vec@$02M@@@std@@@std@@YAXPAU?$Vec@$02M@@0AAV?$allocator@U?$Vec@$02M@@@0@U_Nonscalar_ptr_iterator_tag@0@@Z 00420cb0 f i fluidsim.obj
 0002:0000fd00       ??$_Uninitialized_move@PAV?$vector@NV?$allocator@N@std@@@std@@PAV12@V?$allocator@V?$vector@NV?$allocator@N@std@@@std@@@2@@std@@YAPAV?$vector@NV?$allocator@N@std@@@0@PAV10@00AAV?$allocator@V?$vector@NV?$allocator@N@std@@@std@@@0@@Z 00420d00 f i fluidsim.obj
 0002:0000fd60       ??$_Destroy_range@V?$allocator@V?$vector@NV?$allocator@N@std@@@std@@@std@@@std@@YAXPAV?$vector@NV?$allocator@N@std@@@0@0AAV?$allocator@V?$vector@NV?$allocator@N@std@@@std@@@0@U_Nonscalar_ptr_iterator_tag@0@@Z 00420d60 f i fluidsim.obj
 0002:0000fdb0       ??$_Uninit_fill_n@NINN@std@@YAXPANIPBNAAV?$allocator@N@0@0U_Scalar_ptr_iterator_tag@0@@Z 00420db0 f i fluidsim.obj
 0002:0000fde0       ??$_Construct@IABI@std@@YAXPAIABI@Z 00420de0 f i fluidsim.obj
 0002:0000fe90       ??$_Construct@NABN@std@@YAXPANABN@Z 00420e90 f i fluidsim.obj
 0002:0000ff40       ??$_Construct@U?$Vec@$02M@@ABU1@@std@@YAXPAU?$Vec@$02M@@ABU1@@Z 00420f40 f i fluidsim.obj
 0002:00010000       ??0?$vector@IV?$allocator@I@std@@@std@@QAE@XZ 00421000 f i fluidsim.obj
 0002:00010040       ??4?$vector@IV?$allocator@I@std@@@std@@QAEAAV01@$$QAV01@@Z 00421040 f i fluidsim.obj
 0002:00010080       ??1?$vector@IV?$allocator@I@std@@@std@@QAE@XZ 00421080 f i fluidsim.obj
 0002:00010100       ??0?$vector@NV?$allocator@N@std@@@std@@QAE@XZ 00421100 f i fluidsim.obj
 0002:00010140       ?_Assign_rv@?$vector@IV?$allocator@I@std@@@std@@QAEX$$QAV12@@Z 00421140 f i fluidsim.obj
 0002:00010280       ?_Tidy@?$vector@IV?$allocator@I@std@@@std@@IAEXXZ 00421280 f i fluidsim.obj
 0002:00010320       ??0?$_Vector_val@IV?$allocator@I@std@@@std@@QAE@V?$allocator@I@1@@Z 00421320 f i fluidsim.obj
 0002:00010380       ??1?$_Vector_val@IV?$allocator@I@std@@@std@@QAE@XZ 00421380 f i fluidsim.obj
 0002:000103a0       ??0?$allocator@I@std@@QAE@XZ 004213a0 f i fluidsim.obj
 0002:000103c0       ??0?$allocator@N@std@@QAE@XZ 004213c0 f i fluidsim.obj
 0002:000103e0       ?push_back@?$vector@IV?$allocator@I@std@@@std@@QAEX$$QAI@Z 004213e0 f i fluidsim.obj
 0002:00010540       ?get_allocator@?$vector@IV?$allocator@I@std@@@std@@QBE?AV?$allocator@I@2@XZ 00421540 f i fluidsim.obj
 0002:00010570       ?clear@?$vector@IV?$allocator@I@std@@@std@@QAEXXZ 00421570 f i fluidsim.obj
 0002:000105d0       ??0?$allocator@I@std@@QAE@ABV01@@Z 004215d0 f i fluidsim.obj
 0002:000105f0       ??E?$_Vector_iterator@V?$_Vector_val@IV?$allocator@I@std@@@std@@@std@@QAEAAV01@XZ 004215f0 f i fluidsim.obj
 0002:00010620       ??E?$_Vector_const_iterator@V?$_Vector_val@IV?$allocator@I@std@@@std@@@std@@QAEAAV01@XZ 00421620 f i fluidsim.obj
 0002:00010650       ??$lerp@MM@@YAMABM0M@Z     00421650 f i fluidsim.obj
 0002:00010690       ??$_Fill_n@PANIN@std@@YAXPANIABN@Z 00421690 f i fluidsim.obj
 0002:000106e0       ??$_Cons_val@V?$allocator@V?$vector@IV?$allocator@I@std@@@std@@@std@@V?$vector@IV?$allocator@I@std@@@2@V32@@std@@YAXAAV?$allocator@V?$vector@IV?$allocator@I@std@@@std@@@0@PAV?$vector@IV?$allocator@I@std@@@0@$$QAV20@@Z 004216e0 f i fluidsim.obj
 0002:00010720       ??$_Dest_val@V?$allocator@V?$vector@IV?$allocator@I@std@@@std@@@std@@V?$vector@IV?$allocator@I@std@@@2@@std@@YAXAAV?$allocator@V?$vector@IV?$allocator@I@std@@@std@@@0@PAV?$vector@IV?$allocator@I@std@@@0@@Z 00421720 f i fluidsim.obj
 0002:00010750       ??$_Fill_n@PAIII@std@@YAXPAIIABI@Z 00421750 f i fluidsim.obj
 0002:000107a0       ??$_Uninit_copy@NN@std@@YAPANPAN00AAV?$allocator@N@0@U_Scalar_ptr_iterator_tag@0@@Z 004217a0 f i fluidsim.obj
 0002:000107f0       ??$_Cons_val@V?$allocator@V?$vector@NV?$allocator@N@std@@@std@@@std@@V?$vector@NV?$allocator@N@std@@@2@V32@@std@@YAXAAV?$allocator@V?$vector@NV?$allocator@N@std@@@std@@@0@PAV?$vector@NV?$allocator@N@std@@@0@$$QAV20@@Z 004217f0 f i fluidsim.obj
 0002:00010830       ??$_Dest_val@V?$allocator@V?$vector@NV?$allocator@N@std@@@std@@@std@@V?$vector@NV?$allocator@N@std@@@2@@std@@YAXAAV?$allocator@V?$vector@NV?$allocator@N@std@@@std@@@0@PAV?$vector@NV?$allocator@N@std@@@0@@Z 00421830 f i fluidsim.obj
 0002:00010860       ??$move@AAV?$vector@IV?$allocator@I@std@@@std@@@std@@YA$$QAV?$vector@IV?$allocator@I@std@@@0@AAV10@@Z 00421860 f i fluidsim.obj
 0002:00010880       ??$_Uninit_move@NNN@std@@YAPANPAN00AAV?$allocator@N@0@0U_Scalar_ptr_iterator_tag@0@@Z 00421880 f i fluidsim.obj
 0002:000108d0       ??$_Val_type@PAU?$Vec@$02M@@@std@@YAPAU?$Vec@$02M@@PAU1@@Z 004218d0 f i fluidsim.obj
 0002:000108f0       ??$_Uninit_move@PAU?$Vec@$02M@@PAU1@V?$allocator@U?$Vec@$02M@@@std@@U1@@std@@YAPAU?$Vec@$02M@@PAU1@00AAV?$allocator@U?$Vec@$02M@@@0@0U_Nonscalar_ptr_iterator_tag@0@@Z 004218f0 f i fluidsim.obj
 0002:000109f0       ??$move@AAV?$vector@NV?$allocator@N@std@@@std@@@std@@YA$$QAV?$vector@NV?$allocator@N@std@@@0@AAV10@@Z 004219f0 f i fluidsim.obj
 0002:00010a10       ??$_Uninit_move@PAV?$vector@IV?$allocator@I@std@@@std@@PAV12@V?$allocator@V?$vector@IV?$allocator@I@std@@@std@@@2@V12@@std@@YAPAV?$vector@IV?$allocator@I@std@@@0@PAV10@00AAV?$allocator@V?$vector@IV?$allocator@I@std@@@std@@@0@0U_Nonscalar_ptr_iterator_tag@0@@Z 00421a10 f i fluidsim.obj
 0002:00010b10       ??$_Uninit_move@III@std@@YAPAIPAI00AAV?$allocator@I@0@0U_Scalar_ptr_iterator_tag@0@@Z 00421b10 f i fluidsim.obj
 0002:00010b60       ??$_Dest_val@V?$allocator@U?$Vec@$02M@@@std@@U?$Vec@$02M@@@std@@YAXAAV?$allocator@U?$Vec@$02M@@@0@PAU?$Vec@$02M@@@Z 00421b60 f i fluidsim.obj
 0002:00010b90       ??$_Uninit_move@PAV?$vector@NV?$allocator@N@std@@@std@@PAV12@V?$allocator@V?$vector@NV?$allocator@N@std@@@std@@@2@V12@@std@@YAPAV?$vector@NV?$allocator@N@std@@@0@PAV10@00AAV?$allocator@V?$vector@NV?$allocator@N@std@@@std@@@0@0U_Nonscalar_ptr_iterator_tag@0@@Z 00421b90 f i fluidsim.obj
 0002:00010c90       ??$forward@V?$vector@IV?$allocator@I@std@@@std@@@std@@YA$$QAV?$vector@IV?$allocator@I@std@@@0@AAV10@@Z 00421c90 f i fluidsim.obj
 0002:00010cb0       ??$?9II@std@@YA_NABV?$allocator@I@0@0@Z 00421cb0 f i fluidsim.obj
 0002:00010cf0       ??$forward@I@std@@YA$$QAIAAI@Z 00421cf0 f i fluidsim.obj
 0002:00010d10       ??$addressof@I@std@@YAPAIAAI@Z 00421d10 f i fluidsim.obj
 0002:00010d30       ??$_Cons_val@V?$allocator@I@std@@II@std@@YAXAAV?$allocator@I@0@PAI$$QAI@Z 00421d30 f i fluidsim.obj
 0002:00010d70       ?construct@?$allocator@V?$vector@IV?$allocator@I@std@@@std@@@std@@QAEXPAV?$vector@IV?$allocator@I@std@@@2@$$QAV32@@Z 00421d70 f i fluidsim.obj
 0002:00010e20       ?destroy@?$allocator@V?$vector@IV?$allocator@I@std@@@std@@@std@@QAEXPAV?$vector@IV?$allocator@I@std@@@2@@Z 00421e20 f i fluidsim.obj
 0002:00010e50       ?construct@?$allocator@I@std@@QAEXPAI$$QAI@Z 00421e50 f i fluidsim.obj
 0002:00010f00       ?destroy@?$allocator@U?$Vec@$02M@@@std@@QAEXPAU?$Vec@$02M@@@Z 00421f00 f i fluidsim.obj
 0002:00010f30       ?construct@?$allocator@V?$vector@NV?$allocator@N@std@@@std@@@std@@QAEXPAV?$vector@NV?$allocator@N@std@@@2@$$QAV32@@Z 00421f30 f i fluidsim.obj
 0002:00010fe0       ?destroy@?$allocator@V?$vector@NV?$allocator@N@std@@@std@@@std@@QAEXPAV?$vector@NV?$allocator@N@std@@@2@@Z 00421fe0 f i fluidsim.obj
 0002:00011010       ??0?$vector@IV?$allocator@I@std@@@std@@QAE@$$QAV01@@Z 00422010 f i fluidsim.obj
 0002:000110b0       ??$_Cons_val@V?$allocator@U?$Vec@$02M@@@std@@U?$Vec@$02M@@U3@@std@@YAXAAV?$allocator@U?$Vec@$02M@@@0@PAU?$Vec@$02M@@$$QAU2@@Z 004220b0 f i fluidsim.obj
 0002:000110f0       ??$?8II@std@@YA_NABV?$allocator@I@0@0@Z 004220f0 f i fluidsim.obj
 0002:00011110       ??$_Destroy@V?$vector@IV?$allocator@I@std@@@std@@@std@@YAXPAV?$vector@IV?$allocator@I@std@@@0@@Z 00422110 f i fluidsim.obj
 0002:00011130       ??$_Destroy@U?$Vec@$02M@@@std@@YAXPAU?$Vec@$02M@@@Z 00422130 f i fluidsim.obj
 0002:00011150       ??$_Destroy@V?$vector@NV?$allocator@N@std@@@std@@@std@@YAXPAV?$vector@NV?$allocator@N@std@@@0@@Z 00422150 f i fluidsim.obj
 0002:00011170       ??_G?$vector@IV?$allocator@I@std@@@std@@QAEPAXI@Z 00422170 f i fluidsim.obj
 0002:000111c0       ??_G?$vector@NV?$allocator@N@std@@@std@@QAEPAXI@Z 004221c0 f i fluidsim.obj
 0002:00011210       ?construct@?$allocator@U?$Vec@$02M@@@std@@QAEXPAU?$Vec@$02M@@$$QAU3@@Z 00422210 f i fluidsim.obj
 0002:000112d0       ??$forward@U?$Vec@$02M@@@std@@YA$$QAU?$Vec@$02M@@AAU1@@Z 004222d0 f i fluidsim.obj
 0002:000112f0       ?fraction_inside@@YAMMM@Z  004222f0 f   levelset_util.obj
 0002:000113b0       ?fraction_inside@@YAMMMMM@Z 004223b0 f   levelset_util.obj
 0002:00011960       ?sphere_phi@@YAMABU?$Vec@$02M@@0M@Z 00422960 f   main.obj
 0002:000119a0       ?boundary_phi@@YAMABU?$Vec@$02M@@@Z 004229a0 f   main.obj
 0002:000119e0       ?liquid_phi@@YAMABU?$Vec@$02M@@@Z 004229e0 f   main.obj
 0002:00011a60       _main                      00422a60 f   main.obj
 0002:00011cd0       ?export_particles@@YAXV?$basic_string@DU?$char_traits@D@std@@V?$allocator@D@2@@std@@HABV?$vector@U?$Vec@$02M@@V?$allocator@U?$Vec@$02M@@@std@@@2@M@Z 00422cd0 f   main.obj
 0002:00011fc0       ??_D?$basic_stringstream@DU?$char_traits@D@std@@V?$allocator@D@2@@std@@QAEXXZ 00422fc0 f i main.obj
 0002:00012000       ??_D?$basic_ofstream@DU?$char_traits@D@std@@@std@@QAEXXZ 00423000 f i main.obj
 0002:00012040       ??0?$basic_string@DU?$char_traits@D@std@@V?$allocator@D@2@@std@@QAE@ABV01@@Z 00423040 f i main.obj
 0002:000120f0       ??0?$basic_string@DU?$char_traits@D@std@@V?$allocator@D@2@@std@@QAE@PBD@Z 004230f0 f i main.obj
 0002:00012190       ??1?$basic_string@DU?$char_traits@D@std@@V?$allocator@D@2@@std@@QAE@XZ 00423190 f i main.obj
 0002:00012210       ?c_str@?$basic_string@DU?$char_traits@D@std@@V?$allocator@D@2@@std@@QBEPBDXZ 00423210 f i main.obj
 0002:00012240       ??A?$vector@U?$Vec@$02M@@V?$allocator@U?$Vec@$02M@@@std@@@std@@QBEABU?$Vec@$02M@@I@Z 00423240 f i main.obj
 0002:00012270       ??0?$basic_stringstream@DU?$char_traits@D@std@@V?$allocator@D@2@@std@@QAE@H@Z 00423270 f i main.obj
 0002:00012360       ??1?$basic_stringstream@DU?$char_traits@D@std@@V?$allocator@D@2@@std@@UAE@XZ 00423360 f i main.obj
 0002:00012400       ?str@?$basic_stringstream@DU?$char_traits@D@std@@V?$allocator@D@2@@std@@QBE?AV?$basic_string@DU?$char_traits@D@std@@V?$allocator@D@2@@2@XZ 00423400 f i main.obj
 0002:00012450       ??1?$basic_stringbuf@DU?$char_traits@D@std@@V?$allocator@D@2@@std@@UAE@XZ 00423450 f i main.obj
 0002:000124d0       ?overflow@?$basic_stringbuf@DU?$char_traits@D@std@@V?$allocator@D@2@@std@@MAEHH@Z 004234d0 f i main.obj
 0002:00012890       ?copy@?$char_traits@D@std@@SAPADPADPBDI@Z 00423890 f i main.obj
 0002:000128c0       ?to_char_type@?$char_traits@D@std@@SADABH@Z 004238c0 f i main.obj
 0002:000128e0       ?eq_int_type@?$char_traits@D@std@@SA_NABH0@Z 004238e0 f i main.obj
 0002:00012910       ?not_eof@?$char_traits@D@std@@SAHABH@Z 00423910 f i main.obj
 0002:00012960       ?eof@?$char_traits@D@std@@SAHXZ 00423960 f i main.obj
 0002:00012980       ?pbackfail@?$basic_stringbuf@DU?$char_traits@D@std@@V?$allocator@D@2@@std@@MAEHH@Z 00423980 f i main.obj
 0002:00012ab0       ?eq@?$char_traits@D@std@@SA_NABD0@Z 00423ab0 f i main.obj
 0002:00012ae0       ?underflow@?$basic_stringbuf@DU?$char_traits@D@std@@V?$allocator@D@2@@std@@MAEHXZ 00423ae0 f i main.obj
 0002:00012c30       ?to_int_type@?$char_traits@D@std@@SAHABD@Z 00423c30 f i main.obj
 0002:00012c50       ?seekoff@?$basic_stringbuf@DU?$char_traits@D@std@@V?$allocator@D@2@@std@@MAE?AV?$fpos@H@2@_JHH@Z 00423c50 f i main.obj
 0002:00012fc0       ?seekpos@?$basic_stringbuf@DU?$char_traits@D@std@@V?$allocator@D@2@@std@@MAE?AV?$fpos@H@2@V32@H@Z 00423fc0 f i main.obj
 0002:00013240       ??0?$basic_ofstream@DU?$char_traits@D@std@@@std@@QAE@PBDHH@Z 00424240 f i main.obj
 0002:00013370       ??1?$basic_ofstream@DU?$char_traits@D@std@@@std@@UAE@XZ 00424370 f i main.obj
 0002:00013410       ?close@?$basic_ofstream@DU?$char_traits@D@std@@@std@@QAEXXZ 00424410 f i main.obj
 0002:00013460       ??1?$basic_filebuf@DU?$char_traits@D@std@@@std@@UAE@XZ 00424460 f i main.obj
 0002:00013510       ?_Lock@?$basic_filebuf@DU?$char_traits@D@std@@@std@@UAEXXZ 00424510 f i main.obj
 0002:00013550       ?_Unlock@?$basic_filebuf@DU?$char_traits@D@std@@@std@@UAEXXZ 00424550 f i main.obj
 0002:00013590       ?overflow@?$basic_filebuf@DU?$char_traits@D@std@@@std@@MAEHH@Z 00424590 f i main.obj
 0002:000139e0       ??$_Fputc@D@std@@YA_NDPAU_iobuf@@@Z 004249e0 f i main.obj
 0002:00013a20       ?size@?$basic_string@DU?$char_traits@D@std@@V?$allocator@D@2@@std@@QBEIXZ 00424a20 f i main.obj
 0002:00013a40       ?pbackfail@?$basic_filebuf@DU?$char_traits@D@std@@@std@@MAEHH@Z 00424a40 f i main.obj
 0002:00013bf0       ??$_Ungetc@D@std@@YA_NABDPAU_iobuf@@@Z 00424bf0 f i main.obj
 0002:00013c30       ?underflow@?$basic_filebuf@DU?$char_traits@D@std@@@std@@MAEHXZ 00424c30 f i main.obj
 0002:00013cf0       ?uflow@?$basic_filebuf@DU?$char_traits@D@std@@@std@@MAEHXZ 00424cf0 f i main.obj
 0002:000140f0       ??$_Fgetc@D@std@@YA_NAADPAU_iobuf@@@Z 004250f0 f i main.obj
 0002:00014140       ??0?$basic_string@DU?$char_traits@D@std@@V?$allocator@D@2@@std@@QAE@XZ 00425140 f i main.obj
 0002:000141d0       ?seekoff@?$basic_filebuf@DU?$char_traits@D@std@@@std@@MAE?AV?$fpos@H@2@_JHH@Z 004251d0 f i main.obj
 0002:000142f0       ?seekpos@?$basic_filebuf@DU?$char_traits@D@std@@@std@@MAE?AV?$fpos@H@2@V32@H@Z 004252f0 f i main.obj
 0002:00014430       ?setbuf@?$basic_filebuf@DU?$char_traits@D@std@@@std@@MAEPAV?$basic_streambuf@DU?$char_traits@D@std@@@2@PAD_J@Z 00425430 f i main.obj
 0002:000144d0       ?sync@?$basic_filebuf@DU?$char_traits@D@std@@@std@@MAEHXZ 004254d0 f i main.obj
 0002:00014570       ?imbue@?$basic_filebuf@DU?$char_traits@D@std@@@std@@MAEXABVlocale@2@@Z 00425570 f i main.obj
 0002:000145b0       ??_E?$basic_stringstream@DU?$char_traits@D@std@@V?$allocator@D@2@@std@@UAEPAXI@Z 004255b0 f i main.obj
 0002:000145b0       ??_G?$basic_stringstream@DU?$char_traits@D@std@@V?$allocator@D@2@@std@@UAEPAXI@Z 004255b0 f i main.obj
 0002:00014600       ??_E?$basic_stringbuf@DU?$char_traits@D@std@@V?$allocator@D@2@@std@@UAEPAXI@Z 00425600 f i main.obj
 0002:00014600       ??_G?$basic_stringbuf@DU?$char_traits@D@std@@V?$allocator@D@2@@std@@UAEPAXI@Z 00425600 f i main.obj
 0002:00014650       ??_E?$basic_ofstream@DU?$char_traits@D@std@@@std@@UAEPAXI@Z 00425650 f i main.obj
 0002:00014650       ??_G?$basic_ofstream@DU?$char_traits@D@std@@@std@@UAEPAXI@Z 00425650 f i main.obj
 0002:000146a0       ??_E?$basic_filebuf@DU?$char_traits@D@std@@@std@@UAEPAXI@Z 004256a0 f i main.obj
 0002:000146a0       ??_G?$basic_filebuf@DU?$char_traits@D@std@@@std@@UAEPAXI@Z 004256a0 f i main.obj
 0002:000146f0       ??0?$basic_string@DU?$char_traits@D@std@@V?$allocator@D@2@@std@@QAE@ID@Z 004256f0 f i main.obj
 0002:00014790       ?append@?$basic_string@DU?$char_traits@D@std@@V?$allocator@D@2@@std@@QAEAAV12@ID@Z 00425790 f i main.obj
 0002:00014830       ?assign@?$basic_string@DU?$char_traits@D@std@@V?$allocator@D@2@@std@@QAEAAV12@ABV12@II@Z 00425830 f i main.obj
 0002:00014920       ?assign@?$basic_string@DU?$char_traits@D@std@@V?$allocator@D@2@@std@@QAEAAV12@PBD@Z 00425920 f i main.obj
 0002:00014960       ?length@?$char_traits@D@std@@SAIPBD@Z 00425960 f i main.obj
 0002:00014990       ?erase@?$basic_string@DU?$char_traits@D@std@@V?$allocator@D@2@@std@@QAEAAV12@II@Z 00425990 f i main.obj
 0002:00014a50       ?move@?$char_traits@D@std@@SAPADPADPBDI@Z 00425a50 f i main.obj
 0002:00014a80       ?begin@?$basic_string@DU?$char_traits@D@std@@V?$allocator@D@2@@std@@QAE?AV?$_String_iterator@DU?$char_traits@D@std@@V?$allocator@D@2@@2@XZ 00425a80 f i main.obj
 0002:00014ac0       ?_Tidy@?$basic_string@DU?$char_traits@D@std@@V?$allocator@D@2@@std@@QAEX_NI@Z 00425ac0 f i main.obj
 0002:00014b60       ?_Myptr@?$basic_string@DU?$char_traits@D@std@@V?$allocator@D@2@@std@@QBEPBDXZ 00425b60 f i main.obj
 0002:00014ba0       ??0?$_String_val@DV?$allocator@D@std@@@std@@QAE@V?$allocator@D@1@@Z 00425ba0 f i main.obj
 0002:00014bd0       ??1?$_String_val@DV?$allocator@D@std@@@std@@QAE@XZ 00425bd0 f i main.obj
 0002:00014bf0       ??0?$allocator@D@std@@QAE@XZ 00425bf0 f i main.obj
 0002:00014c10       ??0?$allocator@D@std@@QAE@ABV01@@Z 00425c10 f i main.obj
 0002:00014c30       ?deallocate@?$allocator@D@std@@QAEXPADI@Z 00425c30 f i main.obj
 0002:00014c60       ?allocate@?$allocator@D@std@@QAEPADI@Z 00425c60 f i main.obj
 0002:00014c90       ??0?$basic_stringbuf@DU?$char_traits@D@std@@V?$allocator@D@2@@std@@QAE@H@Z 00425c90 f i main.obj
 0002:00014d40       ?str@?$basic_stringbuf@DU?$char_traits@D@std@@V?$allocator@D@2@@std@@QBE?AV?$basic_string@DU?$char_traits@D@std@@V?$allocator@D@2@@2@XZ 00425d40 f i main.obj
 0002:00014f70       ??0?$basic_string@DU?$char_traits@D@std@@V?$allocator@D@2@@std@@QAE@$$QAV01@@Z 00425f70 f i main.obj
 0002:00015030       ?assign@?$basic_string@DU?$char_traits@D@std@@V?$allocator@D@2@@std@@QAEAAV12@$$QAV12@@Z 00426030 f i main.obj
 0002:00015140       ?_Tidy@?$basic_stringbuf@DU?$char_traits@D@std@@V?$allocator@D@2@@std@@IAEXXZ 00426140 f i main.obj
 0002:00015210       ??0?$basic_filebuf@DU?$char_traits@D@std@@@std@@QAE@PAU_iobuf@@@Z 00426210 f i main.obj
 0002:000152a0       ?open@?$basic_filebuf@DU?$char_traits@D@std@@@std@@QAEPAV12@PBDHH@Z 004262a0 f i main.obj
 0002:00015390       ??1locale@std@@QAE@XZ      00426390 f i main.obj
 0002:00015400       ?close@?$basic_filebuf@DU?$char_traits@D@std@@@std@@QAEPAV12@XZ 00426400 f i main.obj
 0002:00015490       ?_Init@?$basic_filebuf@DU?$char_traits@D@std@@@std@@IAEXPAU_iobuf@@W4_Initfl@12@@Z 00426490 f i main.obj
 0002:00015560       ?_Endwrite@?$basic_filebuf@DU?$char_traits@D@std@@@std@@IAE_NXZ 00426560 f i main.obj
 0002:00015830       ?_Initcvt@?$basic_filebuf@DU?$char_traits@D@std@@@std@@IAEXPBV?$codecvt@DDH@2@@Z 00426830 f i main.obj
 0002:00015890       ?_Reset_back@?$basic_filebuf@DU?$char_traits@D@std@@@std@@AAEXXZ 00426890 f i main.obj
 0002:000158f0       ?_Set_back@?$basic_filebuf@DU?$char_traits@D@std@@@std@@AAEXXZ 004268f0 f i main.obj
 0002:00015970       ??D?$_String_iterator@DU?$char_traits@D@std@@V?$allocator@D@2@@std@@QBEAADXZ 00426970 f i main.obj
 0002:000159a0       ??0?$fpos@H@std@@QAE@_J@Z  004269a0 f i main.obj
 0002:00015a00       ??0?$fpos@H@std@@QAE@H_J@Z 00426a00 f i main.obj
 0002:00015a50       ?state@?$fpos@H@std@@QBEHXZ 00426a50 f i main.obj
 0002:00015a70       ?seekpos@?$fpos@H@std@@QBE_JXZ 00426a70 f i main.obj
 0002:00015aa0       ??B?$fpos@H@std@@QBE_JXZ   00426aa0 f i main.obj
 0002:00015ad0       ??0?$basic_string@DU?$char_traits@D@std@@V?$allocator@D@2@@std@@QAE@PBDI@Z 00426ad0 f i main.obj
 0002:00015b70       ??4?$basic_string@DU?$char_traits@D@std@@V?$allocator@D@2@@std@@QAEAAV01@ABV01@@Z 00426b70 f i main.obj
 0002:00015ba0       ?assign@?$basic_string@DU?$char_traits@D@std@@V?$allocator@D@2@@std@@QAEAAV12@PBDI@Z 00426ba0 f i main.obj
 0002:00015c50       ?assign@?$basic_string@DU?$char_traits@D@std@@V?$allocator@D@2@@std@@QAEAAV12@ID@Z 00426c50 f i main.obj
 0002:00015cd0       ?get_allocator@?$basic_string@DU?$char_traits@D@std@@V?$allocator@D@2@@std@@QBE?AV?$allocator@D@2@XZ 00426cd0 f i main.obj
 0002:00015d00       ?_Chassign@?$basic_string@DU?$char_traits@D@std@@V?$allocator@D@2@@std@@QAEXIID@Z 00426d00 f i main.obj
 0002:00015d70       ?assign@?$char_traits@D@std@@SAPADPADID@Z 00426d70 f i main.obj
 0002:00015da0       ?assign@?$char_traits@D@std@@SAXAADABD@Z 00426da0 f i main.obj
 0002:00015dc0       ?_Eos@?$basic_string@DU?$char_traits@D@std@@V?$allocator@D@2@@std@@QAEXI@Z 00426dc0 f i main.obj
 0002:00015e10       ?_Grow@?$basic_string@DU?$char_traits@D@std@@V?$allocator@D@2@@std@@QAE_NI_N@Z 00426e10 f i main.obj
 0002:00015ee0       ?_Myptr@?$basic_string@DU?$char_traits@D@std@@V?$allocator@D@2@@std@@QAEPADXZ 00426ee0 f i main.obj
 0002:00015f20       ?_Xlen@?$basic_string@DU?$char_traits@D@std@@V?$allocator@D@2@@std@@QBEXXZ 00426f20 f i main.obj
 0002:00015f50       ?_Xran@?$basic_string@DU?$char_traits@D@std@@V?$allocator@D@2@@std@@QBEXXZ 00426f50 f i main.obj
 0002:00015f80       ?_Init@?$basic_stringbuf@DU?$char_traits@D@std@@V?$allocator@D@2@@std@@IAEXPBDIH@Z 00426f80 f i main.obj
 0002:000160d0       ?_Getstate@?$basic_stringbuf@DU?$char_traits@D@std@@V?$allocator@D@2@@std@@AAEHH@Z 004270d0 f i main.obj
 0002:00016150       ??0?$_String_iterator@DU?$char_traits@D@std@@V?$allocator@D@2@@std@@QAE@PADPBU_Container_base0@1@@Z 00427150 f i main.obj
 0002:00016190       ??D?$_String_const_iterator@DU?$char_traits@D@std@@V?$allocator@D@2@@std@@QBEABDXZ 00427190 f i main.obj
 0002:000161b0       ?assign@?$basic_string@DU?$char_traits@D@std@@V?$allocator@D@2@@std@@QAEAAV12@ABV12@@Z 004271b0 f i main.obj
 0002:000161f0       ?max_size@?$basic_string@DU?$char_traits@D@std@@V?$allocator@D@2@@std@@QBEIXZ 004271f0 f i main.obj
 0002:00016240       ?_Copy@?$basic_string@DU?$char_traits@D@std@@V?$allocator@D@2@@std@@QAEXII@Z 00427240 f i main.obj
 0002:00016430       ?_Inside@?$basic_string@DU?$char_traits@D@std@@V?$allocator@D@2@@std@@QAE_NPBD@Z 00427430 f i main.obj
 0002:00016490       ??0?$_String_const_iterator@DU?$char_traits@D@std@@V?$allocator@D@2@@std@@QAE@PBDPBU_Container_base0@1@@Z 00427490 f i main.obj
 0002:000164d0       ?max_size@?$allocator@D@std@@QBEIXZ 004274d0 f i main.obj
 0002:00016510       ??$?6U?$char_traits@D@std@@@std@@YAAAV?$basic_ostream@DU?$char_traits@D@std@@@0@AAV10@PBD@Z 00427510 f i main.obj
 0002:000169e0       ??0sentry@?$basic_ostream@DU?$char_traits@D@std@@@std@@QAE@AAV12@@Z 004279e0 f i main.obj
 0002:00016ae0       ??1sentry@?$basic_ostream@DU?$char_traits@D@std@@@std@@QAE@XZ 00427ae0 f i main.obj
 0002:00016b70       ??Bsentry@?$basic_ostream@DU?$char_traits@D@std@@@std@@QBEPQ_Bool_struct@2@HXZ 00427b70 f i main.obj
 0002:00016ba0       ??0_Sentry_base@?$basic_ostream@DU?$char_traits@D@std@@@std@@QAE@AAV12@@Z 00427ba0 f i main.obj
 0002:00016c20       ??1_Sentry_base@?$basic_ostream@DU?$char_traits@D@std@@@std@@QAE@XZ 00427c20 f i main.obj
 0002:00016c90       ??$?6DU?$char_traits@D@std@@V?$allocator@D@1@@std@@YAAAV?$basic_ostream@DU?$char_traits@D@std@@@0@AAV10@ABV?$basic_string@DU?$char_traits@D@std@@V?$allocator@D@2@@0@@Z 00427c90 f i main.obj
 0002:000170c0       ??$forward@V?$allocator@D@std@@@std@@YA$$QAV?$allocator@D@0@AAV10@@Z 004280c0 f i main.obj
 0002:000170e0       ??$forward@V?$basic_string@DU?$char_traits@D@std@@V?$allocator@D@2@@std@@@std@@YA$$QAV?$basic_string@DU?$char_traits@D@std@@V?$allocator@D@2@@0@AAV10@@Z 004280e0 f i main.obj
 0002:00017100       ??$use_facet@V?$codecvt@DDH@std@@@std@@YAABV?$codecvt@DDH@0@ABVlocale@0@@Z 00428100 f i main.obj
 0002:00017240       ?_Register@facet@locale@std@@QAEXXZ 00428240 f i main.obj
 0002:00017270       ?_Getfacet@locale@std@@QBEPBVfacet@12@I@Z 00428270 f i main.obj
 0002:00017320       ??$?9DD@std@@YA_NABV?$allocator@D@0@0@Z 00428320 f i main.obj
 0002:00017360       ??$_Allocate@D@std@@YAPADIPAD@Z 00428360 f i main.obj
 0002:000173e0       ??$?8DD@std@@YA_NABV?$allocator@D@0@0@Z 004283e0 f i main.obj
 0002:00017400       ??0FluidSim@@QAE@XZ        00428400 f i main.obj
 0002:00017630       ??1?$PCGSolver@N@@QAE@XZ   00428630 f i main.obj
 0002:00017700       ??1?$SparseMatrix@N@@QAE@XZ 00428700 f i main.obj
 0002:00017780       ??1?$SparseColumnLowerFactor@N@@QAE@XZ 00428780 f i main.obj
 0002:00017840       ??1?$FixedSparseMatrix@N@@QAE@XZ 00428840 f i main.obj
 0002:000178d0       ??1?$vector@V?$vector@IV?$allocator@I@std@@@std@@V?$allocator@V?$vector@IV?$allocator@I@std@@@std@@@2@@std@@QAE@XZ 004288d0 f i main.obj
 0002:00017950       ??0?$Array3@MU?$Array1@M@@@@QAE@XZ 00428950 f i main.obj
 0002:000179a0       ??0?$Array3@DU?$Array1@D@@@@QAE@XZ 004289a0 f i main.obj
 0002:000179f0       ??0?$vector@U?$Vec@$02M@@V?$allocator@U?$Vec@$02M@@@std@@@std@@QAE@XZ 004289f0 f i main.obj
 0002:00017a30       ??1?$vector@U?$Vec@$02M@@V?$allocator@U?$Vec@$02M@@@std@@@std@@QAE@XZ 00428a30 f i main.obj
 0002:00017ab0       ??0?$PCGSolver@N@@QAE@XZ   00428ab0 f i main.obj
 0002:00017bc0       ??0?$SparseMatrix@N@@QAE@II@Z 00428bc0 f i main.obj
 0002:00017cc0       ??1?$vector@V?$vector@NV?$allocator@N@std@@@std@@V?$allocator@V?$vector@NV?$allocator@N@std@@@std@@@2@@std@@QAE@XZ 00428cc0 f i main.obj
 0002:00017d40       ??0?$vector@V?$vector@IV?$allocator@I@std@@@std@@V?$allocator@V?$vector@IV?$allocator@I@std@@@std@@@2@@std@@QAE@I@Z 00428d40 f i main.obj
 0002:00017dd0       ?_Tidy@?$vector@V?$vector@IV?$allocator@I@std@@@std@@V?$allocator@V?$vector@IV?$allocator@I@std@@@std@@@2@@std@@IAEXXZ 00428dd0 f i main.obj
 0002:00017e70       ??1?$_Vector_val@V?$vector@IV?$allocator@I@std@@@std@@V?$allocator@V?$vector@IV?$allocator@I@std@@@std@@@2@@std@@QAE@XZ 00428e70 f i main.obj
 0002:00017e90       ??0?$Array1@M@@QAE@XZ      00428e90 f i main.obj
 0002:00017ed0       ??0?$Array1@D@@QAE@XZ      00428ed0 f i main.obj
 0002:00017f10       ?_Tidy@?$vector@U?$Vec@$02M@@V?$allocator@U?$Vec@$02M@@@std@@@std@@IAEXXZ 00428f10 f i main.obj
 0002:00017fb0       ??0?$_Vector_val@U?$Vec@$02M@@V?$allocator@U?$Vec@$02M@@@std@@@std@@QAE@V?$allocator@U?$Vec@$02M@@@1@@Z 00428fb0 f i main.obj
 0002:00018010       ??1?$_Vector_val@U?$Vec@$02M@@V?$allocator@U?$Vec@$02M@@@std@@@std@@QAE@XZ 00429010 f i main.obj
 0002:00018030       ??0?$allocator@U?$Vec@$02M@@@std@@QAE@XZ 00429030 f i main.obj
 0002:00018050       ??0?$SparseColumnLowerFactor@N@@QAE@I@Z 00429050 f i main.obj
 0002:00018130       ??0?$FixedSparseMatrix@N@@QAE@I@Z 00429130 f i main.obj
 0002:000181e0       ??0?$vector@V?$vector@NV?$allocator@N@std@@@std@@V?$allocator@V?$vector@NV?$allocator@N@std@@@std@@@2@@std@@QAE@I@Z 004291e0 f i main.obj
 0002:00018270       ?_Tidy@?$vector@V?$vector@NV?$allocator@N@std@@@std@@V?$allocator@V?$vector@NV?$allocator@N@std@@@std@@@2@@std@@IAEXXZ 00429270 f i main.obj
 0002:00018310       ??1?$_Vector_val@V?$vector@NV?$allocator@N@std@@@std@@V?$allocator@V?$vector@NV?$allocator@N@std@@@std@@@2@@std@@QAE@XZ 00429310 f i main.obj
 0002:00018330       ??0?$_Vector_val@V?$vector@IV?$allocator@I@std@@@std@@V?$allocator@V?$vector@IV?$allocator@I@std@@@std@@@2@@std@@QAE@V?$allocator@V?$vector@IV?$allocator@I@std@@@std@@@1@@Z 00429330 f i main.obj
 0002:00018390       ??0?$allocator@V?$vector@IV?$allocator@I@std@@@std@@@std@@QAE@XZ 00429390 f i main.obj
 0002:000183b0       ??0?$vector@IV?$allocator@I@std@@@std@@QAE@I@Z 004293b0 f i main.obj
 0002:00018440       ??0?$vector@NV?$allocator@N@std@@@std@@QAE@I@Z 00429440 f i main.obj
 0002:000184d0       ??0?$allocator@U?$Vec@$02M@@@std@@QAE@ABV01@@Z 004294d0 f i main.obj
 0002:000184f0       ??0?$_Vector_val@V?$vector@NV?$allocator@N@std@@@std@@V?$allocator@V?$vector@NV?$allocator@N@std@@@std@@@2@@std@@QAE@V?$allocator@V?$vector@NV?$allocator@N@std@@@std@@@1@@Z 004294f0 f i main.obj
 0002:00018550       ??0?$allocator@V?$vector@NV?$allocator@N@std@@@std@@@std@@QAE@XZ 00429550 f i main.obj
 0002:00018570       ??0?$allocator@V?$vector@IV?$allocator@I@std@@@std@@@std@@QAE@ABV01@@Z 00429570 f i main.obj
 0002:00018590       ??0?$allocator@V?$vector@NV?$allocator@N@std@@@std@@@std@@QAE@ABV01@@Z 00429590 f i main.obj
 0002:000185b0       ??1FluidSim@@QAE@XZ        004295b0 f i main.obj
 0002:000187ca       ?_Orphan_all@_Container_base0@std@@QAEXXZ 004297ca f   msvcprt:MSVCP100.dll
 0002:000187d0       ?_Swap_all@_Container_base0@std@@QAEXAAU12@@Z 004297d0 f   msvcprt:MSVCP100.dll
 0002:000187d6       ?_Xlength_error@std@@YAXPBD@Z 004297d6 f   msvcprt:MSVCP100.dll
 0002:000187dc       ??6?$basic_ostream@DU?$char_traits@D@std@@@std@@QAEAAV01@P6AAAV01@AAV01@@Z@Z 004297dc f   msvcprt:MSVCP100.dll
 0002:000187e2       ?endl@std@@YAAAV?$basic_ostream@DU?$char_traits@D@std@@@1@AAV21@@Z 004297e2 f   msvcprt:MSVCP100.dll
 0002:000187e8       ??6?$basic_ostream@DU?$char_traits@D@std@@@std@@QAEAAV01@M@Z 004297e8 f   msvcprt:MSVCP100.dll
 0002:000187ee       ??6?$basic_ostream@DU?$char_traits@D@std@@@std@@QAEAAV01@I@Z 004297ee f   msvcprt:MSVCP100.dll
 0002:000187f4       ??6?$basic_ostream@DU?$char_traits@D@std@@@std@@QAEAAV01@H@Z 004297f4 f   msvcprt:MSVCP100.dll
 0002:000187fa       ??1?$basic_ios@DU?$char_traits@D@std@@@std@@UAE@XZ 004297fa f   msvcprt:MSVCP100.dll
 0002:00018800       ??1?$basic_iostream@DU?$char_traits@D@std@@@std@@UAE@XZ 00429800 f   msvcprt:MSVCP100.dll
 0002:00018806       ??0?$basic_iostream@DU?$char_traits@D@std@@@std@@QAE@PAV?$basic_streambuf@DU?$char_traits@D@std@@@1@@Z 00429806 f   msvcprt:MSVCP100.dll
 0002:0001880c       ??0?$basic_ios@DU?$char_traits@D@std@@@std@@IAE@XZ 0042980c f   msvcprt:MSVCP100.dll
 0002:00018812       ??1?$basic_streambuf@DU?$char_traits@D@std@@@std@@UAE@XZ 00429812 f   msvcprt:MSVCP100.dll
 0002:00018818       ?_Lock@?$basic_streambuf@DU?$char_traits@D@std@@@std@@UAEXXZ 00429818 f   msvcprt:MSVCP100.dll
 0002:0001881e       ?_Unlock@?$basic_streambuf@DU?$char_traits@D@std@@@std@@UAEXXZ 0042981e f   msvcprt:MSVCP100.dll
 0002:00018824       ?showmanyc@?$basic_streambuf@DU?$char_traits@D@std@@@std@@MAE_JXZ 00429824 f   msvcprt:MSVCP100.dll
 0002:0001882a       ?uflow@?$basic_streambuf@DU?$char_traits@D@std@@@std@@MAEHXZ 0042982a f   msvcprt:MSVCP100.dll
 0002:00018830       ?xsgetn@?$basic_streambuf@DU?$char_traits@D@std@@@std@@MAE_JPAD_J@Z 00429830 f   msvcprt:MSVCP100.dll
 0002:00018836       ?xsputn@?$basic_streambuf@DU?$char_traits@D@std@@@std@@MAE_JPBD_J@Z 00429836 f   msvcprt:MSVCP100.dll
 0002:0001883c       ?setbuf@?$basic_streambuf@DU?$char_traits@D@std@@@std@@MAEPAV12@PAD_J@Z 0042983c f   msvcprt:MSVCP100.dll
 0002:00018842       ?sync@?$basic_streambuf@DU?$char_traits@D@std@@@std@@MAEHXZ 00429842 f   msvcprt:MSVCP100.dll
 0002:00018848       ?imbue@?$basic_streambuf@DU?$char_traits@D@std@@@std@@MAEXABVlocale@2@@Z 00429848 f   msvcprt:MSVCP100.dll
 0002:0001884e       ?gptr@?$basic_streambuf@DU?$char_traits@D@std@@@std@@IBEPADXZ 0042984e f   msvcprt:MSVCP100.dll
 0002:00018854       ?setg@?$basic_streambuf@DU?$char_traits@D@std@@@std@@IAEXPAD00@Z 00429854 f   msvcprt:MSVCP100.dll
 0002:0001885a       ?setp@?$basic_streambuf@DU?$char_traits@D@std@@@std@@IAEXPAD0@Z 0042985a f   msvcprt:MSVCP100.dll
 0002:00018860       ?eback@?$basic_streambuf@DU?$char_traits@D@std@@@std@@IBEPADXZ 00429860 f   msvcprt:MSVCP100.dll
 0002:00018866       ?_Pninc@?$basic_streambuf@DU?$char_traits@D@std@@@std@@IAEPADXZ 00429866 f   msvcprt:MSVCP100.dll
 0002:0001886c       ?setp@?$basic_streambuf@DU?$char_traits@D@std@@@std@@IAEXPAD00@Z 0042986c f   msvcprt:MSVCP100.dll
 0002:00018872       ?pbase@?$basic_streambuf@DU?$char_traits@D@std@@@std@@IBEPADXZ 00429872 f   msvcprt:MSVCP100.dll
 0002:00018878       ?epptr@?$basic_streambuf@DU?$char_traits@D@std@@@std@@IBEPADXZ 00429878 f   msvcprt:MSVCP100.dll
 0002:0001887e       ?pptr@?$basic_streambuf@DU?$char_traits@D@std@@@std@@IBEPADXZ 0042987e f   msvcprt:MSVCP100.dll
 0002:00018884       ?gbump@?$basic_streambuf@DU?$char_traits@D@std@@@std@@IAEXH@Z 00429884 f   msvcprt:MSVCP100.dll
[...]
 0003:000021a8       ___rtc_taa                 004321a8     MSVCRT:_initsect_.obj
 0003:000022ac       ___rtc_tzz                 004322ac     MSVCRT:_initsect_.obj
 0003:0000241c       __TI2?AVbad_alloc@std@@    0043241c     fluidsim.obj
 0003:00002430       __CTA2?AVbad_alloc@std@@   00432430     fluidsim.obj
 0003:00002440       __CT??_R0?AVbad_alloc@std@@@8??0bad_alloc@std@@QAE@ABV01@@Z12 00432440     fluidsim.obj
 0003:00002460       __CT??_R0?AVexception@std@@@8??0exception@std@@QAE@ABV01@@Z12 00432460     fluidsim.obj
 0003:00003240       __TI2?AVbad_cast@std@@     00433240     main.obj
 0003:00003284       __CTA2?AVbad_cast@std@@    00433284     main.obj
 0003:00003294       __CT??_R0?AVbad_cast@std@@@8??0bad_cast@std@@QAE@ABV01@@Z12 00433294     main.obj
 0004:00000000       ??_R0?AVbad_alloc@std@@@8  00434000     fluidsim.obj
 0004:00000024       ??_R0?AVexception@std@@@8  00434024     fluidsim.obj
 0004:00000048       ?grid_resolution@@3HA      00434048     main.obj
 0004:0000004c       ?timestep@@3MA             0043404c     main.obj
 0004:00000050       ?grid_width@@3MA           00434050     main.obj
 0004:00000054       ?rad0@@3MA                 00434054     main.obj
 0004:00000060       ??_R0?AV?$basic_stringstream@DU?$char_traits@D@std@@V?$allocator@D@2@@std@@@8 00434060     main.obj
 0004:000000c0       ??_R0?AV?$basic_iostream@DU?$char_traits@D@std@@@std@@@8 004340c0     main.obj
 0004:00000108       ??_R0?AV?$basic_istream@DU?$char_traits@D@std@@@std@@@8 00434108     main.obj
 0004:00000150       ??_R0?AV?$basic_ios@DU?$char_traits@D@std@@@std@@@8 00434150     main.obj
 0004:00000190       ??_R0?AVios_base@std@@@8   00434190     main.obj
 0004:000001b0       ??_R0?AV?$_Iosb@H@std@@@8  004341b0     main.obj
 0004:000001d4       ??_R0?AV?$basic_ostream@DU?$char_traits@D@std@@@std@@@8 004341d4     main.obj
 0004:00000220       ??_R0?AV?$basic_stringbuf@DU?$char_traits@D@std@@V?$allocator@D@2@@std@@@8 00434220     main.obj
 0004:0000027c       ??_R0?AV?$basic_streambuf@DU?$char_traits@D@std@@@std@@@8 0043427c     main.obj
 0004:000002c4       ??_R0?AV?$basic_ofstream@DU?$char_traits@D@std@@@std@@@8 004342c4     main.obj
 0004:0000030c       ??_R0?AV?$basic_filebuf@DU?$char_traits@D@std@@@std@@@8 0043430c     main.obj
 0004:00000354       ??_R0?AVbad_cast@std@@@8   00434354     main.obj
 0004:00000380       ___security_cookie         00434380     MSVCRT:gs_cookie.obj
 0004:00000384       ___security_cookie_complement 00434384     MSVCRT:gs_cookie.obj
 0004:00000388       ??_R0?AVtype_info@@@8      00434388     MSVCRT:ti_inst.obj
 0004:000003b0       ___native_dllmain_reason   004343b0     MSVCRT:natstart.obj
 0004:000003b4       ___native_vcclrit_reason   004343b4     MSVCRT:natstart.obj
 0004:000003bc       ___globallocalestatus      004343bc     MSVCRT:xthdloc.obj
 0004:000003c0       ___defaultmatherr          004343c0     MSVCRT:merr.obj
 0004:000004e0       ?frame@@3HA                004344e0     main.obj
 0004:000004e4       ?c0@@3U?$Vec@$02M@@A       004344e4     main.obj
 0004:000004f0       ?sim@@3VFluidSim@@A        004344f0     main.obj
 0004:0000085c       ?_Stinit@?1??_Init@?$basic_filebuf@DU?$char_traits@D@std@@@std@@IAEXPAU_iobuf@@W4_Initfl@23@@Z@4HA 0043485c     main.obj
 0004:00000860       ?_Psave@?$_Facetptr@V?$codecvt@DDH@std@@@std@@2PBVfacet@locale@2@B 00434860     main.obj
 0004:00000c5c       __dowildcard               00434c5c     MSVCRT:wildcard.obj
 0004:00000c60       __newmode                  00434c60     MSVCRT:_newmode.obj
 0004:00000c64       __commode                  00434c64     MSVCRT:xncommod.obj
 0004:00000c68       __fmode                    00434c68     MSVCRT:xtxtmode.obj
 0004:00000c6c       ___native_startup_state    00434c6c     <common>
 0004:00000c7c       ___native_startup_lock     00434c7c     <common>
 0004:00000c80       ___sse2_available          00434c80     <common>
 0004:00000c8c       __NoHeapEnableTerminationOnCorruption 00434c8c     <common>
 0004:00000c90       ___dyn_tls_init_callback   00434c90     <common>
 0004:00000c94       ___onexitend               00434c94     <common>
 0004:00000ca4       ___onexitbegin             00434ca4     <common>
 0005:00000000       __IMPORT_DESCRIPTOR_MSVCP100 00435000     msvcprt:MSVCP100.dll
 0005:00000014       __IMPORT_DESCRIPTOR_MSVCR100 00435014     MSVCRT:MSVCR100.dll
 0005:00000028       __IMPORT_DESCRIPTOR_KERNEL32 00435028     kernel32:KERNEL32.dll
 0005:0000003c       __NULL_IMPORT_DESCRIPTOR   0043503c     msvcprt:MSVCP100.dll
 0005:000003a0       __imp__DecodePointer@4     004353a0     kernel32:KERNEL32.dll
 0005:000003a4       __imp__InterlockedExchange@8 004353a4     kernel32:KERNEL32.dll
 0005:000003a8       __imp__Sleep@4             004353a8     kernel32:KERNEL32.dll
 0005:000003ac       __imp__InterlockedCompareExchange@12 004353ac     kernel32:KERNEL32.dll
 0005:000003b0       __imp__HeapSetInformation@16 004353b0     kernel32:KERNEL32.dll
 0005:000003b4       __imp__TerminateProcess@8  004353b4     kernel32:KERNEL32.dll
 0005:000003b8       __imp__GetCurrentProcess@0 004353b8     kernel32:KERNEL32.dll
 0005:000003bc       __imp__UnhandledExceptionFilter@4 004353bc     kernel32:KERNEL32.dll
 0005:000003c0       __imp__SetUnhandledExceptionFilter@4 004353c0     kernel32:KERNEL32.dll
 0005:000003c4       __imp__IsDebuggerPresent@0 004353c4     kernel32:KERNEL32.dll
 0005:000003c8       __imp__IsProcessorFeaturePresent@4 004353c8     kernel32:KERNEL32.dll
 0005:000003cc       __imp__QueryPerformanceCounter@4 004353cc     kernel32:KERNEL32.dll
 0005:000003d0       __imp__GetTickCount@0      004353d0     kernel32:KERNEL32.dll
 0005:000003d4       __imp__GetCurrentThreadId@0 004353d4     kernel32:KERNEL32.dll
 0005:000003d8       __imp__GetCurrentProcessId@0 004353d8     kernel32:KERNEL32.dll
 0005:000003dc       __imp__GetSystemTimeAsFileTime@4 004353dc     kernel32:KERNEL32.dll
 0005:000003e0       __imp__EncodePointer@4     004353e0     kernel32:KERNEL32.dll
 0005:000003e4       \177KERNEL32_NULL_THUNK_DATA 004353e4     kernel32:KERNEL32.dll
 0005:0000041c       __imp_?xsgetn@?$basic_streambuf@DU?$char_traits@D@std@@@std@@MAE_JPAD_J@Z 0043541c     msvcprt:MSVCP100.dll
 0005:00000420       __imp_?xsputn@?$basic_streambuf@DU?$char_traits@D@std@@@std@@MAE_JPBD_J@Z 00435420     msvcprt:MSVCP100.dll
 0005:00000424       __imp_?setbuf@?$basic_streambuf@DU?$char_traits@D@std@@@std@@MAEPAV12@PAD_J@Z 00435424     msvcprt:MSVCP100.dll
 0005:00000428       __imp_?sync@?$basic_streambuf@DU?$char_traits@D@std@@@std@@MAEHXZ 00435428     msvcprt:MSVCP100.dll
 0005:0000042c       __imp_?imbue@?$basic_streambuf@DU?$char_traits@D@std@@@std@@MAEXABVlocale@2@@Z 0043542c     msvcprt:MSVCP100.dll
 0005:00000430       __imp_?gptr@?$basic_streambuf@DU?$char_traits@D@std@@@std@@IBEPADXZ 00435430     msvcprt:MSVCP100.dll
 0005:00000434       __imp_?setg@?$basic_streambuf@DU?$char_traits@D@std@@@std@@IAEXPAD00@Z 00435434     msvcprt:MSVCP100.dll
 0005:00000438       __imp_?setp@?$basic_streambuf@DU?$char_traits@D@std@@@std@@IAEXPAD0@Z 00435438     msvcprt:MSVCP100.dll
 0005:0000043c       __imp_?eback@?$basic_streambuf@DU?$char_traits@D@std@@@std@@IBEPADXZ 0043543c     msvcprt:MSVCP100.dll
 0005:00000440       __imp_?_Pninc@?$basic_streambuf@DU?$char_traits@D@std@@@std@@IAEPADXZ 00435440     msvcprt:MSVCP100.dll
 0005:00000444       __imp_?setp@?$basic_streambuf@DU?$char_traits@D@std@@@std@@IAEXPAD00@Z 00435444     msvcprt:MSVCP100.dll
 0005:00000448       __imp_?pbase@?$basic_streambuf@DU?$char_traits@D@std@@@std@@IBEPADXZ 00435448     msvcprt:MSVCP100.dll
 0005:0000044c       __imp_?epptr@?$basic_streambuf@DU?$char_traits@D@std@@@std@@IBEPADXZ 0043544c     msvcprt:MSVCP100.dll
 0005:00000450       __imp_?pptr@?$basic_streambuf@DU?$char_traits@D@std@@@std@@IBEPADXZ 00435450     msvcprt:MSVCP100.dll
 0005:00000454       __imp_?gbump@?$basic_streambuf@DU?$char_traits@D@std@@@std@@IAEXH@Z 00435454     msvcprt:MSVCP100.dll
 0005:00000458       __imp_?egptr@?$basic_streambuf@DU?$char_traits@D@std@@@std@@IBEPADXZ 00435458     msvcprt:MSVCP100.dll
 0005:0000045c       __imp_?pbump@?$basic_streambuf@DU?$char_traits@D@std@@@std@@IAEXH@Z 0043545c     msvcprt:MSVCP100.dll
 0005:00000460       __imp_?_BADOFF@std@@3_JB   00435460     msvcprt:MSVCP100.dll
 0005:00000464       __imp_??1?$basic_ostream@DU?$char_traits@D@std@@@std@@UAE@XZ 00435464     msvcprt:MSVCP100.dll
 0005:00000468       __imp_?setstate@?$basic_ios@DU?$char_traits@D@std@@@std@@QAEXH_N@Z 00435468     msvcprt:MSVCP100.dll
 0005:0000046c       __imp_??0?$basic_ostream@DU?$char_traits@D@std@@@std@@QAE@PAV?$basic_streambuf@DU?$char_traits@D@std@@@1@_N@Z 0043546c     msvcprt:MSVCP100.dll
 0005:00000470       __imp_?out@?$codecvt@DDH@std@@QBEHAAHPBD1AAPBDPAD3AAPAD@Z 00435470     msvcprt:MSVCP100.dll
 0005:00000474       __imp_?_Gndec@?$basic_streambuf@DU?$char_traits@D@std@@@std@@IAEPADXZ 00435474     msvcprt:MSVCP100.dll
 0005:00000478       __imp_?in@?$codecvt@DDH@std@@QBEHAAHPBD1AAPBDPAD3AAPAD@Z 00435478     msvcprt:MSVCP100.dll
 0005:0000047c       __imp_?_Gninc@?$basic_streambuf@DU?$char_traits@D@std@@@std@@IAEPADXZ 0043547c     msvcprt:MSVCP100.dll
 0005:00000480       __imp_??0?$basic_streambuf@DU?$char_traits@D@std@@@std@@IAE@XZ 00435480     msvcprt:MSVCP100.dll
 0005:00000484       __imp_?getloc@?$basic_streambuf@DU?$char_traits@D@std@@@std@@QBE?AVlocale@2@XZ 00435484     msvcprt:MSVCP100.dll
 0005:00000488       __imp_?uflow@?$basic_streambuf@DU?$char_traits@D@std@@@std@@MAEHXZ 00435488     msvcprt:MSVCP100.dll
 0005:0000048c       __imp_?_Decref@facet@locale@std@@QAEPAV123@XZ 0043548c     msvcprt:MSVCP100.dll
 0005:00000490       __imp_?_Init@?$basic_streambuf@DU?$char_traits@D@std@@@std@@IAEXPAPAD0PAH001@Z 00435490     msvcprt:MSVCP100.dll
 0005:00000494       __imp_?_Init@?$basic_streambuf@DU?$char_traits@D@std@@@std@@IAEXXZ 00435494     msvcprt:MSVCP100.dll
 0005:00000498       __imp_?unshift@?$codecvt@DDH@std@@QBEHAAHPAD1AAPAD@Z 00435498     msvcprt:MSVCP100.dll
 0005:0000049c       __imp_?always_noconv@codecvt_base@std@@QBE_NXZ 0043549c     msvcprt:MSVCP100.dll
 0005:000004a0       __imp_?_Xout_of_range@std@@YAXPBD@Z 004354a0     msvcprt:MSVCP100.dll
 0005:000004a4       __imp_?width@ios_base@std@@QAE_J_J@Z 004354a4     msvcprt:MSVCP100.dll
 0005:000004a8       __imp_?sputn@?$basic_streambuf@DU?$char_traits@D@std@@@std@@QAE_JPBD_J@Z 004354a8     msvcprt:MSVCP100.dll
 0005:000004ac       __imp_?sputc@?$basic_streambuf@DU?$char_traits@D@std@@@std@@QAEHD@Z 004354ac     msvcprt:MSVCP100.dll
 0005:000004b0       __imp_?rdbuf@?$basic_ios@DU?$char_traits@D@std@@@std@@QBEPAV?$basic_streambuf@DU?$char_traits@D@std@@@2@XZ 004354b0     msvcprt:MSVCP100.dll
 0005:000004b4       __imp_?fill@?$basic_ios@DU?$char_traits@D@std@@@std@@QBEDXZ 004354b4     msvcprt:MSVCP100.dll
 0005:000004b8       __imp_?flags@ios_base@std@@QBEHXZ 004354b8     msvcprt:MSVCP100.dll
 0005:000004bc       __imp_?width@ios_base@std@@QBE_JXZ 004354bc     msvcprt:MSVCP100.dll
 0005:000004c0       __imp_?flush@?$basic_ostream@DU?$char_traits@D@std@@@std@@QAEAAV12@XZ 004354c0     msvcprt:MSVCP100.dll
 0005:000004c4       __imp_?tie@?$basic_ios@DU?$char_traits@D@std@@@std@@QBEPAV?$basic_ostream@DU?$char_traits@D@std@@@2@XZ 004354c4     msvcprt:MSVCP100.dll
 0005:000004c8       __imp_?good@ios_base@std@@QBE_NXZ 004354c8     msvcprt:MSVCP100.dll
 0005:000004cc       __imp_?_Osfx@?$basic_ostream@DU?$char_traits@D@std@@@std@@QAEXXZ 004354cc     msvcprt:MSVCP100.dll
 0005:000004d0       __imp_?uncaught_exception@std@@YA_NXZ 004354d0     msvcprt:MSVCP100.dll
 0005:000004d4       __imp_??1_Lockit@std@@QAE@XZ 004354d4     msvcprt:MSVCP100.dll
 0005:000004d8       __imp_?_Incref@facet@locale@std@@QAEXXZ 004354d8     msvcprt:MSVCP100.dll
 0005:000004dc       __imp_?_Getcat@?$codecvt@DDH@std@@SAIPAPBVfacet@locale@2@PBV42@@Z 004354dc     msvcprt:MSVCP100.dll
 0005:000004e0       __imp_??Bid@locale@std@@QAEIXZ 004354e0     msvcprt:MSVCP100.dll
 0005:000004e4       __imp_?id@?$codecvt@DDH@std@@2V0locale@2@A 004354e4     msvcprt:MSVCP100.dll
 0005:000004e8       __imp_??0_Lockit@std@@QAE@H@Z 004354e8     msvcprt:MSVCP100.dll
 0005:000004ec       __imp_?_Getgloballocale@locale@std@@CAPAV_Locimp@12@XZ 004354ec     msvcprt:MSVCP100.dll
 0005:000004f0       __imp_?showmanyc@?$basic_streambuf@DU?$char_traits@D@std@@@std@@MAE_JXZ 004354f0     msvcprt:MSVCP100.dll
 0005:000004f4       __imp_?_Unlock@?$basic_streambuf@DU?$char_traits@D@std@@@std@@UAEXXZ 004354f4     msvcprt:MSVCP100.dll
 0005:000004f8       __imp_?_Lock@?$basic_streambuf@DU?$char_traits@D@std@@@std@@UAEXXZ 004354f8     msvcprt:MSVCP100.dll
 0005:000004fc       __imp_??1?$basic_streambuf@DU?$char_traits@D@std@@@std@@UAE@XZ 004354fc     msvcprt:MSVCP100.dll
 0005:00000500       __imp_?_Orphan_all@_Container_base0@std@@QAEXXZ 00435500     msvcprt:MSVCP100.dll
 0005:00000504       __imp_??0?$basic_ios@DU?$char_traits@D@std@@@std@@IAE@XZ 00435504     msvcprt:MSVCP100.dll
 0005:00000508       __imp_??0?$basic_iostream@DU?$char_traits@D@std@@@std@@QAE@PAV?$basic_streambuf@DU?$char_traits@D@std@@@1@@Z 00435508     msvcprt:MSVCP100.dll
 0005:0000050c       __imp_??1?$basic_iostream@DU?$char_traits@D@std@@@std@@UAE@XZ 0043550c     msvcprt:MSVCP100.dll
 0005:00000510       __imp_??1?$basic_ios@DU?$char_traits@D@std@@@std@@UAE@XZ 00435510     msvcprt:MSVCP100.dll
 0005:00000514       __imp_??6?$basic_ostream@DU?$char_traits@D@std@@@std@@QAEAAV01@H@Z 00435514     msvcprt:MSVCP100.dll
 0005:00000518       __imp_??6?$basic_ostream@DU?$char_traits@D@std@@@std@@QAEAAV01@I@Z 00435518     msvcprt:MSVCP100.dll
 0005:0000051c       __imp_??6?$basic_ostream@DU?$char_traits@D@std@@@std@@QAEAAV01@M@Z 0043551c     msvcprt:MSVCP100.dll
 0005:00000520       __imp_?endl@std@@YAAAV?$basic_ostream@DU?$char_traits@D@std@@@1@AAV21@@Z 00435520     msvcprt:MSVCP100.dll
 0005:00000524       __imp_?cerr@std@@3V?$basic_ostream@DU?$char_traits@D@std@@@1@A 00435524     msvcprt:MSVCP100.dll
 0005:00000528       __imp_??6?$basic_ostream@DU?$char_traits@D@std@@@std@@QAEAAV01@P6AAAV01@AAV01@@Z@Z 00435528     msvcprt:MSVCP100.dll
 0005:0000052c       __imp_?_Xlength_error@std@@YAXPBD@Z 0043552c     msvcprt:MSVCP100.dll
 0005:00000530       __imp_?_Swap_all@_Container_base0@std@@QAEXAAU12@@Z 00435530     msvcprt:MSVCP100.dll
 0005:00000534       __imp_?_Fiopen@std@@YAPAU_iobuf@@PBDHH@Z 00435534     msvcprt:MSVCP100.dll
 0005:00000538       \177MSVCP100_NULL_THUNK_DATA 00435538     msvcprt:MSVCP100.dll
 0005:0000059c       __imp_??0exception@std@@QAE@ABQBD@Z 0043559c     MSVCRT:MSVCR100.dll
 0005:000005a0       __imp__floor               004355a0     MSVCRT:MSVCR100.dll
 0005:000005a4       __imp__memmove             004355a4     MSVCRT:MSVCR100.dll
 0005:000005a8       __imp___lock_file          004355a8     MSVCRT:MSVCR100.dll
 0005:000005ac       __imp___unlock_file        004355ac     MSVCRT:MSVCR100.dll
 0005:000005b0       __imp__fwrite              004355b0     MSVCRT:MSVCR100.dll
 0005:000005b4       __imp__fputc               004355b4     MSVCRT:MSVCR100.dll
 0005:000005b8       __imp__ungetc              004355b8     MSVCRT:MSVCR100.dll
 0005:000005bc       __imp__memcpy_s            004355bc     MSVCRT:MSVCR100.dll
 0005:000005c0       __imp__fgetc               004355c0     MSVCRT:MSVCR100.dll
 0005:000005c4       __imp__fgetpos             004355c4     MSVCRT:MSVCR100.dll
 0005:000005c8       __imp___fseeki64           004355c8     MSVCRT:MSVCR100.dll
 0005:000005cc       __imp__fsetpos             004355cc     MSVCRT:MSVCR100.dll
 0005:000005d0       __imp__setvbuf             004355d0     MSVCRT:MSVCR100.dll
 0005:000005d4       __imp__fflush              004355d4     MSVCRT:MSVCR100.dll
 0005:000005d8       __imp__strlen              004355d8     MSVCRT:MSVCR100.dll
 0005:000005dc       __imp__fclose              004355dc     MSVCRT:MSVCR100.dll
 0005:000005e0       __imp_??0bad_cast@std@@QAE@PBD@Z 004355e0     MSVCRT:MSVCR100.dll
 0005:000005e4       __imp_??1bad_cast@std@@UAE@XZ 004355e4     MSVCRT:MSVCR100.dll
 0005:000005e8       __imp_??0bad_cast@std@@QAE@ABV01@@Z 004355e8     MSVCRT:MSVCR100.dll
 0005:000005ec       __imp___unlock             004355ec     MSVCRT:MSVCR100.dll
 0005:000005f0       __imp____dllonexit         004355f0     MSVCRT:MSVCR100.dll
 0005:000005f4       __imp___lock               004355f4     MSVCRT:MSVCR100.dll
 0005:000005f8       __imp___onexit             004355f8     MSVCRT:MSVCR100.dll
 0005:000005fc       __imp___amsg_exit          004355fc     MSVCRT:MSVCR100.dll
 0005:00000600       __imp____getmainargs       00435600     MSVCRT:MSVCR100.dll
 0005:00000604       __imp___cexit              00435604     MSVCRT:MSVCR100.dll
 0005:00000608       __imp___exit               00435608     MSVCRT:MSVCR100.dll
 0005:0000060c       __imp___XcptFilter         0043560c     MSVCRT:MSVCR100.dll
 0005:00000610       __imp__exit                00435610     MSVCRT:MSVCR100.dll
 0005:00000614       __imp____initenv           00435614     MSVCRT:MSVCR100.dll
 0005:00000618       __imp___initterm           00435618     MSVCRT:MSVCR100.dll
 0005:0000061c       __imp___initterm_e         0043561c     MSVCRT:MSVCR100.dll
 0005:00000620       __imp___configthreadlocale 00435620     MSVCRT:MSVCR100.dll
 0005:00000624       __imp____setusermatherr    00435624     MSVCRT:MSVCR100.dll
 0005:00000628       __imp___commode            00435628     MSVCRT:MSVCR100.dll
 0005:0000062c       __imp___fmode              0043562c     MSVCRT:MSVCR100.dll
 0005:00000630       __imp____set_app_type      00435630     MSVCRT:MSVCR100.dll
 0005:00000634       __imp___crt_debugger_hook  00435634     MSVCRT:MSVCR100.dll
 0005:00000638       __imp_?terminate@@YAXXZ    00435638     MSVCRT:MSVCR100.dll
 0005:0000063c       __imp_?_type_info_dtor_internal_method@type_info@@QAEXXZ 0043563c     MSVCRT:MSVCR100.dll
 0005:00000640       __imp___except_handler4_common 00435640     MSVCRT:MSVCR100.dll
 0005:00000644       __imp___invoke_watson      00435644     MSVCRT:MSVCR100.dll
 0005:00000648       __imp___controlfp_s        00435648     MSVCRT:MSVCR100.dll
 0005:0000064c       __imp_??2@YAPAXI@Z         0043564c     MSVCRT:MSVCR100.dll
 0005:00000650       __imp__realloc             00435650     MSVCRT:MSVCR100.dll
 0005:00000654       __imp__calloc              00435654     MSVCRT:MSVCR100.dll
 0005:00000658       __imp__memset              00435658     MSVCRT:MSVCR100.dll
 0005:0000065c       __imp__free                0043565c     MSVCRT:MSVCR100.dll
 0005:00000660       __imp_??3@YAXPAX@Z         00435660     MSVCRT:MSVCR100.dll
 0005:00000664       __imp_??1exception@std@@UAE@XZ 00435664     MSVCRT:MSVCR100.dll
 0005:00000668       __imp_?what@exception@std@@UBEPBDXZ 00435668     MSVCRT:MSVCR100.dll
 0005:0000066c       __imp_??0exception@std@@QAE@ABQBDH@Z 0043566c     MSVCRT:MSVCR100.dll
 0005:00000670       __imp_??0exception@std@@QAE@ABV01@@Z 00435670     MSVCRT:MSVCR100.dll
 0005:00000674       __imp___CxxThrowException@8 00435674     MSVCRT:MSVCR100.dll
 0005:00000678       __imp__malloc              00435678     MSVCRT:MSVCR100.dll
 0005:0000067c       __imp__memcpy              0043567c     MSVCRT:MSVCR100.dll
 0005:00000680       __imp____CxxFrameHandler3  00435680     MSVCRT:MSVCR100.dll
 0005:00000684       __imp__fabs                00435684     MSVCRT:MSVCR100.dll
 0005:00000688       __imp__printf              00435688     MSVCRT:MSVCR100.dll
 0005:0000068c       __imp__sqrt                0043568c     MSVCRT:MSVCR100.dll
 0005:00000690       __imp___wassert            00435690     MSVCRT:MSVCR100.dll
 0005:00000694       \177MSVCR100_NULL_THUNK_DATA 00435694     MSVCRT:MSVCR100.dll

 entry point at        0002:00000979

